// Jest Snapshot v1, https://goo.gl/fbAQLP

exports[`PricingTable should match snapshot 1`] = `
<PricingTable__StyledPricingTable>
  <Stack
    align="stretch"
    desktop={
      Object {
        "spaceAfter": "none",
        "spacing": "natural",
      }
    }
    flex={true}
    grow={true}
    spaceAfter="medium"
    spacing="condensed"
  >
    <PricingTableItem
      action={
        <ForwardRef>
          Buy
        </ForwardRef>
      }
      active={true}
      badge={
        <Badge>
          Badge
        </Badge>
      }
      basis="100%"
      compact={true}
      dataTest="test"
      featureIcon={
        <img
          alt=""
        />
      }
      key=".0"
      mobileDescription="Basic ticket fare includes:"
      name="name"
      onClick={[Function]}
      price="$749"
    >
      <ul>
        List
      </ul>
    </PricingTableItem>
    <PricingTableItem
      action={
        <ForwardRef>
          Buy
        </ForwardRef>
      }
      active={false}
      badge={
        <Badge>
          Badge
        </Badge>
      }
      basis="100%"
      compact={true}
      dataTest="test"
      featureIcon={
        <img
          alt=""
        />
      }
      key=".1"
      name="name"
      onClick={[Function]}
      price="$749"
    >
      <ul>
        List
      </ul>
    </PricingTableItem>
    <PricingTableItem
      action={
        <ForwardRef>
          Buy
        </ForwardRef>
      }
      active={false}
      badge={
        <Badge>
          Badge
        </Badge>
      }
      basis="100%"
      compact={true}
      dataTest="test"
      featureIcon={
        <img
          alt=""
        />
      }
      key=".2"
      name="name"
      onClick={[Function]}
      price="$749"
    >
      <ul>
        List
      </ul>
    </PricingTableItem>
  </Stack>
  <Stack
    spacing="condensed"
  >
    <Text
      size="normal"
      weight="bold"
    >
      Basic ticket fare includes:
    </Text>
    <ul>
      List
    </ul>
    <Button>
      Buy
    </Button>
  </Stack>
</PricingTable__StyledPricingTable>
`;
