// Jest Snapshot v1, https://goo.gl/fbAQLP

exports[`Pagination should match snapshot 1`] = `
<Stack
  align="center"
  dataTest="test"
  direction="row"
  spacing="tight"
>
  <ButtonLink
    iconLeft={<ChevronLeft />}
    onClick={[Function]}
    type="secondary"
  >
    Předchozí
  </ButtonLink>
  <CompactPages
    onPageChange={[MockFunction]}
    pageCount={9}
    selectedPage={3}
  />
  <ButtonLink
    iconRight={<ChevronRight />}
    onClick={[Function]}
    type="secondary"
  >
    Následující
  </ButtonLink>
</Stack>
`;
