// Jest Snapshot v1, https://goo.gl/fbAQLP

exports[`Pagination should match snapshot 1`] = `
<Stack
  align="center"
  dataTest="test"
  direction="row"
  element="nav"
  spacing="tight"
>
  <Hide
    on={
      Array [
        "smallMobile",
        "mediumMobile",
        "largeMobile",
      ]
    }
  >
    <ButtonLink
      iconLeft={<ChevronLeft />}
      onClick={[Function]}
      size="normal"
      type="secondary"
    />
  </Hide>
  <Hide
    on={
      Array [
        "tablet",
        "desktop",
        "largeDesktop",
      ]
    }
  >
    <ButtonLink
      iconLeft={<ChevronLeft />}
      onClick={[Function]}
      size="normal"
      type="secondary"
    />
  </Hide>
  <Hide
    on={
      Array [
        "smallMobile",
        "mediumMobile",
        "largeMobile",
      ]
    }
  >
    <Stack
      align="center"
      direction="row"
      spacing="tight"
    >
      <CompactPages
        onPageChange={[MockFunction]}
        pageCount={9}
        selectedPage={3}
        size="normal"
      />
    </Stack>
  </Hide>
  <Hide
    on={
      Array [
        "tablet",
        "desktop",
        "largeDesktop",
      ]
    }
  >
    <ActiveButton
      size="normal"
      transparent={true}
    >
      3
       of 
      9
    </ActiveButton>
  </Hide>
  <Hide
    on={
      Array [
        "smallMobile",
        "mediumMobile",
        "largeMobile",
      ]
    }
  >
    <ButtonLink
      iconLeft={<ChevronRight />}
      iconRight={false}
      onClick={[Function]}
      size="normal"
      type="secondary"
    />
  </Hide>
  <Hide
    on={
      Array [
        "tablet",
        "desktop",
        "largeDesktop",
      ]
    }
  >
    <ButtonLink
      iconLeft={<ChevronRight />}
      onClick={[Function]}
      size="normal"
      type="secondary"
    />
  </Hide>
</Stack>
`;
