// Jest Snapshot v1, https://goo.gl/fbAQLP

exports[`Stepper should match snapshot 1`] = `
<StepperStateless
  dataTest="test"
  disabled={false}
  maxValue={100}
  minValue={1}
  name="name"
  onBlur={
    [MockFunction] {
      "calls": Array [
        Array [],
      ],
      "results": Array [
        Object {
          "type": "return",
          "value": undefined,
        },
      ],
    }
  }
  onDecrement={[Function]}
  onFocus={
    [MockFunction] {
      "calls": Array [
        Array [],
        Array [],
      ],
      "results": Array [
        Object {
          "type": "return",
          "value": undefined,
        },
        Object {
          "type": "return",
          "value": undefined,
        },
      ],
    }
  }
  onIncrement={[Function]}
  onKeyDown={[Function]}
  value={3}
/>
`;
