// Jest Snapshot v1, https://goo.gl/fbAQLP

exports[`Rendered with children Should contain title 1`] = `
<React.Fragment>
  <h1
    className="jsx-2957264124 "
  >
    Children title
  </h1>
  <JSXStyle
    css=".__jsx-style-dynamic-selector{font-family:\\"Roboto\\", -apple-system, \\".SFNSText-Regular\\", \\"San Francisco\\", \\"Segoe UI\\", \\"Helvetica Neue\\", \\"Lucida Grande\\", sans-serif;font-size:28px;font-weight:700;color:#171b1e;line-height:1.2;}"
    dynamic={
      Array [
        "\\"Roboto\\", -apple-system, \\".SFNSText-Regular\\", \\"San Francisco\\", \\"Segoe UI\\", \\"Helvetica Neue\\", \\"Lucida Grande\\", sans-serif",
        "28px",
        "700",
        "#171b1e",
        "1.2",
      ]
    }
    styleId="3067881581"
  />
</React.Fragment>
`;
