// Jest Snapshot v1, https://goo.gl/fbAQLP

exports[`RawComponent should match snapshot 1`] = `
<div
  style={
    Object {
      "color": "#46515e",
      "fontFamily": "\\"Roboto\\", -apple-system, \\".SFNSText-Regular\\", \\"San Francisco\\", \\"Segoe UI\\", \\"Helvetica Neue\\", \\"Lucida Grande\\", sans-serif",
      "lineHeight": "1.4",
    }
  }
>
  colorTextPrimary: 
  #46515e
  <br />
  fontFamily: 
  "Roboto", -apple-system, ".SFNSText-Regular", "San Francisco", "Segoe UI", "Helvetica Neue", "Lucida Grande", sans-serif
  <br />
  lineHeightText: 
  1.4
  <br />
</div>
`;
