// Jest Snapshot v1, https://goo.gl/fbAQLP

exports[`overview-pages it should render overview-pages 1`] = `
Array [
  Object {
    "pages": Array [
      Object {
        "description": "Everything you need to start designing with the Orbit UI kit.",
        "slug": "/getting-started/for-designers",
        "title": "For designers",
      },
      Object {
        "description": "A list of all channels for reporting bugs and requesting new features.",
        "slug": "/getting-started/support",
        "title": "Support",
      },
      Object {
        "description": "A list of repositories related to the Orbit design system.",
        "redirect_from": Array [
          "/getting-started/github-repos-resources/",
        ],
        "slug": "/getting-started/github",
        "title": "GitHub repos & resources",
      },
    ],
    "slug": "/getting-started",
    "title": "Getting started",
  },
]
`;
