// Jest Snapshot v1, https://goo.gl/fbAQLP

exports[`Alert should match snapshot 1`] = `
<Alert
  closable={false}
  onClose={[Function]}
  theme={
    Object {
      "backgroundAlertCritical": "#fae8e8",
      "backgroundAlertInfo": "#e0f6ff",
      "backgroundAlertSuccess": "#e7f3e8",
      "backgroundAlertWarning": "#fcf1cd",
      "backgroundBody": "#f5f7f9",
      "backgroundButtonBordered": "transparent",
      "backgroundButtonBorderedActive": "#fff",
      "backgroundButtonBorderedHover": "#f5f7f9",
      "backgroundButtonCritical": "#d21c1c",
      "backgroundButtonCriticalActive": "#b21717",
      "backgroundButtonCriticalHover": "#bd1919",
      "backgroundButtonCriticalLink": "transparent",
      "backgroundButtonCriticalLinkActive": "#f1c0c0",
      "backgroundButtonCriticalLinkHover": "#f5d4d4",
      "backgroundButtonFacebook": "#3b5998",
      "backgroundButtonFacebookActive": "#354f88",
      "backgroundButtonFacebookHover": "#385490",
      "backgroundButtonFacebookLink": "#3b5998",
      "backgroundButtonFacebookLinkActive": "#354f88",
      "backgroundButtonFacebookLinkHover": "#385490",
      "backgroundButtonGoogle": "#f5f7f9",
      "backgroundButtonGoogleActive": "#d6dee6",
      "backgroundButtonGoogleHover": "#e5eaef",
      "backgroundButtonGoogleLink": "transparent",
      "backgroundButtonGoogleLinkActive": "#d6dee6",
      "backgroundButtonGoogleLinkHover": "#e5eaef",
      "backgroundButtonInfo": "#0176D2",
      "backgroundButtonInfoActive": "#0064b2",
      "backgroundButtonInfoHover": "#006abd",
      "backgroundButtonInfoLink": "transparent",
      "backgroundButtonInfoLinkActive": "#b0e8fe",
      "backgroundButtonInfoLinkHover": "#c8effe",
      "backgroundButtonPrimary": "#00a991",
      "backgroundButtonPrimaryActive": "#008f7b",
      "backgroundButtonPrimaryHover": "#009882",
      "backgroundButtonPrimaryLink": "transparent",
      "backgroundButtonPrimaryLinkActive": "#73cac0",
      "backgroundButtonPrimaryLinkHover": "#80cfc6",
      "backgroundButtonSecondary": "#e8edf1",
      "backgroundButtonSecondaryActive": "#cad5df",
      "backgroundButtonSecondaryHover": "#d9e1e8",
      "backgroundButtonSecondaryLink": "transparent",
      "backgroundButtonSecondaryLinkActive": "#d6dee6",
      "backgroundButtonSecondaryLinkHover": "#e5eaef",
      "backgroundButtonSuccess": "#46B655",
      "backgroundButtonSuccessActive": "#3fa34c",
      "backgroundButtonSuccessHover": "#42ac50",
      "backgroundButtonSuccessLink": "transparent",
      "backgroundButtonSuccessLinkActive": "#c7e3c9",
      "backgroundButtonSuccessLinkHover": "#d7ebd8",
      "backgroundButtonWarning": "#f9971e",
      "backgroundButtonWarningActive": "#e68206",
      "backgroundButtonWarningHover": "#f48a06",
      "backgroundButtonWarningLink": "transparent",
      "backgroundButtonWarningLinkActive": "#f9e4a1",
      "backgroundButtonWarningLinkHover": "#faeab7",
      "backgroundCard": "#fff",
      "backgroundCarrierLogo": "#fff",
      "backgroundInput": "#fff",
      "backgroundInputDisabled": "#e8edf1",
      "backgroundModal": "#fff",
      "borderColorButtonCriticalBordered": "#d21c1c",
      "borderColorButtonCriticalBorderedActive": "#b21717",
      "borderColorButtonCriticalBorderedHover": "#bd1919",
      "borderColorButtonFacebookBordered": "#3b5998",
      "borderColorButtonFacebookBorderedActive": "#354f88",
      "borderColorButtonFacebookBorderedHover": "#385490",
      "borderColorButtonGoogleBordered": "#46515e",
      "borderColorButtonGoogleBorderedActive": "#38404b",
      "borderColorButtonGoogleBorderedHover": "#3f4854",
      "borderColorButtonInfoBordered": "#0176D2",
      "borderColorButtonInfoBorderedActive": "#0064b2",
      "borderColorButtonInfoBorderedHover": "#006abd",
      "borderColorButtonPrimaryBordered": "#00a991",
      "borderColorButtonPrimaryBorderedActive": "#008f7b",
      "borderColorButtonPrimaryBorderedHover": "#009882",
      "borderColorButtonSecondaryBordered": "#46515e",
      "borderColorButtonSecondaryBorderedActive": "#38404b",
      "borderColorButtonSecondaryBorderedHover": "#3f4854",
      "borderColorButtonSuccessBordered": "#46B655",
      "borderColorButtonSuccessBorderedActive": "#3fa34c",
      "borderColorButtonSuccessBorderedHover": "#42ac50",
      "borderColorButtonWarningBordered": "#f9971e",
      "borderColorButtonWarningBorderedActive": "#e68206",
      "borderColorButtonWarningBorderedHover": "#f48a06",
      "borderColorCard": "#e8edf1",
      "borderColorInput": "#bac7d5",
      "borderColorInputActive": "#94a8be",
      "borderColorInputError": "#d21c1c",
      "borderColorInputErrorFocus": "#d21c1c",
      "borderColorInputFocus": "#0176D2",
      "borderColorInputHover": "#a6b6c8",
      "borderColorModal": "#e8edf1",
      "borderColorTableCell": "#bac7d5",
      "borderRadiusCircle": "50%",
      "borderRadiusLarge": "6px",
      "borderRadiusNormal": "3px",
      "borderRadiusSmall": "2px",
      "borderStyleCard": "solid",
      "borderStyleInput": "solid",
      "borderWidthCard": "1px",
      "borderWidthInput": "1px",
      "boxShadowInputErrorFocus": "0px 0px 3px 1px rgba(210,28,28,0.3)",
      "boxShadowInputFocus": "0px 0px 3px 1px rgba(1,118,210,0.3)",
      "colorAlertIconCritical": "#d21c1c",
      "colorAlertIconInfo": "#0176D2",
      "colorAlertIconSuccess": "#46B655",
      "colorAlertIconWarning": "#f9971e",
      "colorHeading": "#171b1e",
      "colorIconAttention": "#171b1e",
      "colorIconCheckbox": "#00a991",
      "colorIconCheckboxDisabled": "#bac7d5",
      "colorIconInput": "#bac7d5",
      "colorIconPrimary": "#46515e",
      "colorIconRadioButton": "#00a991",
      "colorIconRadioButtonDisabled": "#bac7d5",
      "colorIconSecondary": "#7f91a8",
      "colorIconTerciary": "#bac7d5",
      "colorLabelForm": "#46515e",
      "colorLabelFormFilled": "#7f91a8",
      "colorLinkPrimary": "#00a991",
      "colorLinkPrimaryHover": "#00a991",
      "colorLinkSecondary": "#171b1e",
      "colorPlaceholderInput": "#bac7d5",
      "colorTextAlertCritical": "#650808",
      "colorTextAlertInfo": "#07405c",
      "colorTextAlertSuccess": "#065d12",
      "colorTextAlertWarning": "#a93610",
      "colorTextAttention": "#171b1e",
      "colorTextButtonCritical": "#fff",
      "colorTextButtonCriticalActive": "#fff",
      "colorTextButtonCriticalBordered": "#d21c1c",
      "colorTextButtonCriticalBorderedActive": "#b21717",
      "colorTextButtonCriticalBorderedHover": "#bd1919",
      "colorTextButtonCriticalHover": "#fff",
      "colorTextButtonCriticalLink": "#d21c1c",
      "colorTextButtonCriticalLinkActive": "#b21717",
      "colorTextButtonCriticalLinkHover": "#bd1919",
      "colorTextButtonFacebook": "#fff",
      "colorTextButtonFacebookActive": "#fff",
      "colorTextButtonFacebookBordered": "#3b5998",
      "colorTextButtonFacebookBorderedActive": "#354f88",
      "colorTextButtonFacebookBorderedHover": "#385490",
      "colorTextButtonFacebookHover": "#fff",
      "colorTextButtonFacebookLink": "#fff",
      "colorTextButtonFacebookLinkActive": "#fff",
      "colorTextButtonFacebookLinkHover": "#fff",
      "colorTextButtonFilled": "#fff",
      "colorTextButtonFilledActive": "#fff",
      "colorTextButtonFilledHover": "#fff",
      "colorTextButtonGoogle": "#46515e",
      "colorTextButtonGoogleActive": "#38404b",
      "colorTextButtonGoogleBordered": "#46515e",
      "colorTextButtonGoogleBorderedActive": "#38404b",
      "colorTextButtonGoogleBorderedHover": "#3f4854",
      "colorTextButtonGoogleHover": "#3f4854",
      "colorTextButtonGoogleLink": "#46515e",
      "colorTextButtonGoogleLinkActive": "#38404b",
      "colorTextButtonGoogleLinkHover": "#3f4854",
      "colorTextButtonInfo": "#fff",
      "colorTextButtonInfoActive": "#fff",
      "colorTextButtonInfoBordered": "#0176D2",
      "colorTextButtonInfoBorderedActive": "#0064b2",
      "colorTextButtonInfoBorderedHover": "#006abd",
      "colorTextButtonInfoHover": "#fff",
      "colorTextButtonInfoLink": "#0176D2",
      "colorTextButtonInfoLinkActive": "#0064b2",
      "colorTextButtonInfoLinkHover": "#006abd",
      "colorTextButtonPrimary": "#fff",
      "colorTextButtonPrimaryActive": "#fff",
      "colorTextButtonPrimaryBordered": "#00a991",
      "colorTextButtonPrimaryBorderedActive": "#008f7b",
      "colorTextButtonPrimaryBorderedHover": "#009882",
      "colorTextButtonPrimaryHover": "#fff",
      "colorTextButtonPrimaryLink": "#00a991",
      "colorTextButtonPrimaryLinkActive": "#008f7b",
      "colorTextButtonPrimaryLinkHover": "#009882",
      "colorTextButtonSecondary": "#46515e",
      "colorTextButtonSecondaryActive": "#38404b",
      "colorTextButtonSecondaryBordered": "#46515e",
      "colorTextButtonSecondaryBorderedActive": "#38404b",
      "colorTextButtonSecondaryBorderedHover": "#3f4854",
      "colorTextButtonSecondaryHover": "#3f4854",
      "colorTextButtonSecondaryLink": "#46515e",
      "colorTextButtonSecondaryLinkActive": "#38404b",
      "colorTextButtonSecondaryLinkHover": "#3f4854",
      "colorTextButtonSuccess": "#fff",
      "colorTextButtonSuccessActive": "#fff",
      "colorTextButtonSuccessBordered": "#46B655",
      "colorTextButtonSuccessBorderedActive": "#3fa34c",
      "colorTextButtonSuccessBorderedHover": "#42ac50",
      "colorTextButtonSuccessHover": "#fff",
      "colorTextButtonSuccessLink": "#46B655",
      "colorTextButtonSuccessLinkActive": "#3fa34c",
      "colorTextButtonSuccessLinkHover": "#42ac50",
      "colorTextButtonWarning": "#fff",
      "colorTextButtonWarningActive": "#fff",
      "colorTextButtonWarningBordered": "#f9971e",
      "colorTextButtonWarningBorderedActive": "#e68206",
      "colorTextButtonWarningBorderedHover": "#f48a06",
      "colorTextButtonWarningHover": "#fff",
      "colorTextButtonWarningLink": "#f9971e",
      "colorTextButtonWarningLinkActive": "#e68206",
      "colorTextButtonWarningLinkHover": "#f48a06",
      "colorTextError": "#d21c1c",
      "colorTextInfo": "#0176D2",
      "colorTextInput": "#46515e",
      "colorTextInputDisabled": "#bac7d5",
      "colorTextPrimary": "#46515e",
      "colorTextSecondary": "#7f91a8",
      "durationFast": "0.2s",
      "durationNormal": "0.3s",
      "durationSlow": "0.4s",
      "fontFamily": "\\"Roboto\\", -apple-system, \\".SFNSText-Regular\\", \\"San Francisco\\", \\"Segoe UI\\", \\"Helvetica Neue\\", \\"Lucida Grande\\", sans-serif",
      "fontSizeButtonLarge": "16px",
      "fontSizeButtonNormal": "14px",
      "fontSizeButtonSmall": "12px",
      "fontSizeHeadingDisplay": "40px",
      "fontSizeHeadingLarge": "28px",
      "fontSizeHeadingMedium": "22px",
      "fontSizeHeadingSmall": "16px",
      "fontSizeHeadingTitle1": "28px",
      "fontSizeHeadingTitle2": "22px",
      "fontSizeHeadingTitle3": "16px",
      "fontSizeInputNormal": "16px",
      "fontSizeInputSmall": "14px",
      "fontSizeLabelForm": "14px",
      "fontSizeMessage": "14px",
      "fontSizeMessageForm": "12px",
      "fontSizeTextLarge": "16px",
      "fontSizeTextNormal": "14px",
      "fontSizeTextSmall": "12px",
      "fontWeightBold": "700",
      "fontWeightHeadingDisplay": "700",
      "fontWeightHeadingLevel1": "700",
      "fontWeightHeadingLevel2": "500",
      "fontWeightHeadingLevel3": "500",
      "fontWeightLinks": "500",
      "fontWeightMedium": "500",
      "fontWeightNormal": "400",
      "heightButtonLarge": "52px",
      "heightButtonNormal": "44px",
      "heightButtonSmall": "32px",
      "heightCheckbox": "20px",
      "heightIconLarge": "32px",
      "heightIconMedium": "24px",
      "heightIconSmall": "16px",
      "heightInputLarge": "52px",
      "heightInputNormal": "44px",
      "heightInputSmall": "32px",
      "heightRadioButton": "20px",
      "lineHeightHeading": "1.2",
      "lineHeightText": "1.4",
      "marginButtonIconLarge": "16px",
      "marginButtonIconNormal": "12px",
      "marginButtonIconSmall": "8px",
      "modifierDarkenActive": 0.1,
      "modifierDarkenButtonLink": 0.05,
      "modifierDarkenHover": 0.05,
      "modifierScaleButtonActive": 0.9,
      "opacityButtonDisabled": "0.3",
      "opacityCheckboxDisabled": "0.5",
      "opacityOverlay": "0.8",
      "opacityRadioButtonDisabled": "0.5",
      "paddingAlert": "16px",
      "paddingAlertWithIcon": "12px",
      "paddingButtonLarge": "28px",
      "paddingButtonLargeWithIcon": "12px",
      "paddingButtonNormal": "16px",
      "paddingButtonNormalWithIcon": "8px",
      "paddingButtonSmall": "12px",
      "paddingButtonSmallWithIcon": "8px",
      "paddingInputNormal": "16px",
      "paddingInputSmall": "12px",
      "paletteBlueDark": "#07405c",
      "paletteBlueLight": "#e0f6ff",
      "paletteBlueLightActive": "#b0e8fe",
      "paletteBlueLightHover": "#c8effe",
      "paletteBlueNormal": "#0176D2",
      "paletteBlueNormalActive": "#0064b2",
      "paletteBlueNormalHover": "#006abd",
      "paletteBrandDark": "#00826f",
      "paletteBrandLight": "#9cdad3",
      "paletteBrandLightActive": "#73cac0",
      "paletteBrandLightHover": "#80cfc6",
      "paletteBrandNormal": "#00a991",
      "paletteBrandNormalActive": "#008f7b",
      "paletteBrandNormalHover": "#009882",
      "paletteCloudLight": "#f5f7f9",
      "paletteCloudLightActive": "#d6dee6",
      "paletteCloudLightHover": "#e5eaef",
      "paletteCloudNormal": "#e8edf1",
      "paletteCloudNormalActive": "#cad5df",
      "paletteCloudNormalHover": "#d9e1e8",
      "paletteGreenDark": "#065d12",
      "paletteGreenLight": "#e7f3e8",
      "paletteGreenLightActive": "#c7e3c9",
      "paletteGreenLightHover": "#d7ebd8",
      "paletteGreenNormal": "#46B655",
      "paletteGreenNormalActive": "#3fa34c",
      "paletteGreenNormalHover": "#42ac50",
      "paletteInkDark": "#171b1e",
      "paletteInkLight": "#7f91a8",
      "paletteInkLightActive": "#5f738c",
      "paletteInkLightHover": "#6d819c",
      "paletteInkLighter": "#bac7d5",
      "paletteInkLighterActive": "#94a8be",
      "paletteInkLighterHover": "#a6b6c8",
      "paletteInkNormal": "#46515e",
      "paletteInkNormalActive": "#38404b",
      "paletteInkNormalHover": "#3f4854",
      "paletteOrangeDark": "#a93610",
      "paletteOrangeLight": "#fcf1cd",
      "paletteOrangeLightActive": "#f9e4a1",
      "paletteOrangeLightHover": "#faeab7",
      "paletteOrangeNormal": "#f9971e",
      "paletteOrangeNormalActive": "#e68206",
      "paletteOrangeNormalHover": "#f48a06",
      "paletteRedDark": "#650808",
      "paletteRedLight": "#fae8e8",
      "paletteRedLightActive": "#f1c0c0",
      "paletteRedLightHover": "#f5d4d4",
      "paletteRedNormal": "#d21c1c",
      "paletteRedNormalActive": "#b21717",
      "paletteRedNormalHover": "#bd1919",
      "paletteSocialFacebook": "#3b5998",
      "paletteSocialFacebookActive": "#354f88",
      "paletteSocialFacebookHover": "#385490",
      "paletteWhite": "#fff",
      "paletteWhiteActive": "#e5eaef",
      "paletteWhiteHover": "#f5f7f9",
      "spaceLarge": "24px",
      "spaceMedium": "16px",
      "spaceSmall": "12px",
      "spaceXLarge": "32px",
      "spaceXSmall": "8px",
      "spaceXXLarge": "40px",
      "spaceXXSmall": "4px",
      "spaceXXXLarge": "52px",
      "textDecorationLinkPrimary": "none",
      "textDecorationLinkPrimaryHover": "underline",
      "textDecorationLinkSecondary": "underline",
      "textDecorationLinkSecondaryHover": "underline",
      "widthCheckbox": "20px",
      "widthIconLarge": "32px",
      "widthIconMedium": "24px",
      "widthIconSmall": "16px",
      "widthRadioButton": "20px",
      "zIndexDefault": "1",
      "zIndexModal": "825",
      "zIndexModalOverlay": "800",
      "zIndexOnTheTop": "900",
      "zIndexSticky": "100",
    }
  }
  type="info"
>
  <Alert__StyledAlert
    closable={false}
    onClose={[Function]}
    theme={
      Object {
        "backgroundAlertCritical": "#fae8e8",
        "backgroundAlertInfo": "#e0f6ff",
        "backgroundAlertSuccess": "#e7f3e8",
        "backgroundAlertWarning": "#fcf1cd",
        "backgroundBody": "#f5f7f9",
        "backgroundButtonBordered": "transparent",
        "backgroundButtonBorderedActive": "#fff",
        "backgroundButtonBorderedHover": "#f5f7f9",
        "backgroundButtonCritical": "#d21c1c",
        "backgroundButtonCriticalActive": "#b21717",
        "backgroundButtonCriticalHover": "#bd1919",
        "backgroundButtonCriticalLink": "transparent",
        "backgroundButtonCriticalLinkActive": "#f1c0c0",
        "backgroundButtonCriticalLinkHover": "#f5d4d4",
        "backgroundButtonFacebook": "#3b5998",
        "backgroundButtonFacebookActive": "#354f88",
        "backgroundButtonFacebookHover": "#385490",
        "backgroundButtonFacebookLink": "#3b5998",
        "backgroundButtonFacebookLinkActive": "#354f88",
        "backgroundButtonFacebookLinkHover": "#385490",
        "backgroundButtonGoogle": "#f5f7f9",
        "backgroundButtonGoogleActive": "#d6dee6",
        "backgroundButtonGoogleHover": "#e5eaef",
        "backgroundButtonGoogleLink": "transparent",
        "backgroundButtonGoogleLinkActive": "#d6dee6",
        "backgroundButtonGoogleLinkHover": "#e5eaef",
        "backgroundButtonInfo": "#0176D2",
        "backgroundButtonInfoActive": "#0064b2",
        "backgroundButtonInfoHover": "#006abd",
        "backgroundButtonInfoLink": "transparent",
        "backgroundButtonInfoLinkActive": "#b0e8fe",
        "backgroundButtonInfoLinkHover": "#c8effe",
        "backgroundButtonPrimary": "#00a991",
        "backgroundButtonPrimaryActive": "#008f7b",
        "backgroundButtonPrimaryHover": "#009882",
        "backgroundButtonPrimaryLink": "transparent",
        "backgroundButtonPrimaryLinkActive": "#73cac0",
        "backgroundButtonPrimaryLinkHover": "#80cfc6",
        "backgroundButtonSecondary": "#e8edf1",
        "backgroundButtonSecondaryActive": "#cad5df",
        "backgroundButtonSecondaryHover": "#d9e1e8",
        "backgroundButtonSecondaryLink": "transparent",
        "backgroundButtonSecondaryLinkActive": "#d6dee6",
        "backgroundButtonSecondaryLinkHover": "#e5eaef",
        "backgroundButtonSuccess": "#46B655",
        "backgroundButtonSuccessActive": "#3fa34c",
        "backgroundButtonSuccessHover": "#42ac50",
        "backgroundButtonSuccessLink": "transparent",
        "backgroundButtonSuccessLinkActive": "#c7e3c9",
        "backgroundButtonSuccessLinkHover": "#d7ebd8",
        "backgroundButtonWarning": "#f9971e",
        "backgroundButtonWarningActive": "#e68206",
        "backgroundButtonWarningHover": "#f48a06",
        "backgroundButtonWarningLink": "transparent",
        "backgroundButtonWarningLinkActive": "#f9e4a1",
        "backgroundButtonWarningLinkHover": "#faeab7",
        "backgroundCard": "#fff",
        "backgroundCarrierLogo": "#fff",
        "backgroundInput": "#fff",
        "backgroundInputDisabled": "#e8edf1",
        "backgroundModal": "#fff",
        "borderColorButtonCriticalBordered": "#d21c1c",
        "borderColorButtonCriticalBorderedActive": "#b21717",
        "borderColorButtonCriticalBorderedHover": "#bd1919",
        "borderColorButtonFacebookBordered": "#3b5998",
        "borderColorButtonFacebookBorderedActive": "#354f88",
        "borderColorButtonFacebookBorderedHover": "#385490",
        "borderColorButtonGoogleBordered": "#46515e",
        "borderColorButtonGoogleBorderedActive": "#38404b",
        "borderColorButtonGoogleBorderedHover": "#3f4854",
        "borderColorButtonInfoBordered": "#0176D2",
        "borderColorButtonInfoBorderedActive": "#0064b2",
        "borderColorButtonInfoBorderedHover": "#006abd",
        "borderColorButtonPrimaryBordered": "#00a991",
        "borderColorButtonPrimaryBorderedActive": "#008f7b",
        "borderColorButtonPrimaryBorderedHover": "#009882",
        "borderColorButtonSecondaryBordered": "#46515e",
        "borderColorButtonSecondaryBorderedActive": "#38404b",
        "borderColorButtonSecondaryBorderedHover": "#3f4854",
        "borderColorButtonSuccessBordered": "#46B655",
        "borderColorButtonSuccessBorderedActive": "#3fa34c",
        "borderColorButtonSuccessBorderedHover": "#42ac50",
        "borderColorButtonWarningBordered": "#f9971e",
        "borderColorButtonWarningBorderedActive": "#e68206",
        "borderColorButtonWarningBorderedHover": "#f48a06",
        "borderColorCard": "#e8edf1",
        "borderColorInput": "#bac7d5",
        "borderColorInputActive": "#94a8be",
        "borderColorInputError": "#d21c1c",
        "borderColorInputErrorFocus": "#d21c1c",
        "borderColorInputFocus": "#0176D2",
        "borderColorInputHover": "#a6b6c8",
        "borderColorModal": "#e8edf1",
        "borderColorTableCell": "#bac7d5",
        "borderRadiusCircle": "50%",
        "borderRadiusLarge": "6px",
        "borderRadiusNormal": "3px",
        "borderRadiusSmall": "2px",
        "borderStyleCard": "solid",
        "borderStyleInput": "solid",
        "borderWidthCard": "1px",
        "borderWidthInput": "1px",
        "boxShadowInputErrorFocus": "0px 0px 3px 1px rgba(210,28,28,0.3)",
        "boxShadowInputFocus": "0px 0px 3px 1px rgba(1,118,210,0.3)",
        "colorAlertIconCritical": "#d21c1c",
        "colorAlertIconInfo": "#0176D2",
        "colorAlertIconSuccess": "#46B655",
        "colorAlertIconWarning": "#f9971e",
        "colorHeading": "#171b1e",
        "colorIconAttention": "#171b1e",
        "colorIconCheckbox": "#00a991",
        "colorIconCheckboxDisabled": "#bac7d5",
        "colorIconInput": "#bac7d5",
        "colorIconPrimary": "#46515e",
        "colorIconRadioButton": "#00a991",
        "colorIconRadioButtonDisabled": "#bac7d5",
        "colorIconSecondary": "#7f91a8",
        "colorIconTerciary": "#bac7d5",
        "colorLabelForm": "#46515e",
        "colorLabelFormFilled": "#7f91a8",
        "colorLinkPrimary": "#00a991",
        "colorLinkPrimaryHover": "#00a991",
        "colorLinkSecondary": "#171b1e",
        "colorPlaceholderInput": "#bac7d5",
        "colorTextAlertCritical": "#650808",
        "colorTextAlertInfo": "#07405c",
        "colorTextAlertSuccess": "#065d12",
        "colorTextAlertWarning": "#a93610",
        "colorTextAttention": "#171b1e",
        "colorTextButtonCritical": "#fff",
        "colorTextButtonCriticalActive": "#fff",
        "colorTextButtonCriticalBordered": "#d21c1c",
        "colorTextButtonCriticalBorderedActive": "#b21717",
        "colorTextButtonCriticalBorderedHover": "#bd1919",
        "colorTextButtonCriticalHover": "#fff",
        "colorTextButtonCriticalLink": "#d21c1c",
        "colorTextButtonCriticalLinkActive": "#b21717",
        "colorTextButtonCriticalLinkHover": "#bd1919",
        "colorTextButtonFacebook": "#fff",
        "colorTextButtonFacebookActive": "#fff",
        "colorTextButtonFacebookBordered": "#3b5998",
        "colorTextButtonFacebookBorderedActive": "#354f88",
        "colorTextButtonFacebookBorderedHover": "#385490",
        "colorTextButtonFacebookHover": "#fff",
        "colorTextButtonFacebookLink": "#fff",
        "colorTextButtonFacebookLinkActive": "#fff",
        "colorTextButtonFacebookLinkHover": "#fff",
        "colorTextButtonFilled": "#fff",
        "colorTextButtonFilledActive": "#fff",
        "colorTextButtonFilledHover": "#fff",
        "colorTextButtonGoogle": "#46515e",
        "colorTextButtonGoogleActive": "#38404b",
        "colorTextButtonGoogleBordered": "#46515e",
        "colorTextButtonGoogleBorderedActive": "#38404b",
        "colorTextButtonGoogleBorderedHover": "#3f4854",
        "colorTextButtonGoogleHover": "#3f4854",
        "colorTextButtonGoogleLink": "#46515e",
        "colorTextButtonGoogleLinkActive": "#38404b",
        "colorTextButtonGoogleLinkHover": "#3f4854",
        "colorTextButtonInfo": "#fff",
        "colorTextButtonInfoActive": "#fff",
        "colorTextButtonInfoBordered": "#0176D2",
        "colorTextButtonInfoBorderedActive": "#0064b2",
        "colorTextButtonInfoBorderedHover": "#006abd",
        "colorTextButtonInfoHover": "#fff",
        "colorTextButtonInfoLink": "#0176D2",
        "colorTextButtonInfoLinkActive": "#0064b2",
        "colorTextButtonInfoLinkHover": "#006abd",
        "colorTextButtonPrimary": "#fff",
        "colorTextButtonPrimaryActive": "#fff",
        "colorTextButtonPrimaryBordered": "#00a991",
        "colorTextButtonPrimaryBorderedActive": "#008f7b",
        "colorTextButtonPrimaryBorderedHover": "#009882",
        "colorTextButtonPrimaryHover": "#fff",
        "colorTextButtonPrimaryLink": "#00a991",
        "colorTextButtonPrimaryLinkActive": "#008f7b",
        "colorTextButtonPrimaryLinkHover": "#009882",
        "colorTextButtonSecondary": "#46515e",
        "colorTextButtonSecondaryActive": "#38404b",
        "colorTextButtonSecondaryBordered": "#46515e",
        "colorTextButtonSecondaryBorderedActive": "#38404b",
        "colorTextButtonSecondaryBorderedHover": "#3f4854",
        "colorTextButtonSecondaryHover": "#3f4854",
        "colorTextButtonSecondaryLink": "#46515e",
        "colorTextButtonSecondaryLinkActive": "#38404b",
        "colorTextButtonSecondaryLinkHover": "#3f4854",
        "colorTextButtonSuccess": "#fff",
        "colorTextButtonSuccessActive": "#fff",
        "colorTextButtonSuccessBordered": "#46B655",
        "colorTextButtonSuccessBorderedActive": "#3fa34c",
        "colorTextButtonSuccessBorderedHover": "#42ac50",
        "colorTextButtonSuccessHover": "#fff",
        "colorTextButtonSuccessLink": "#46B655",
        "colorTextButtonSuccessLinkActive": "#3fa34c",
        "colorTextButtonSuccessLinkHover": "#42ac50",
        "colorTextButtonWarning": "#fff",
        "colorTextButtonWarningActive": "#fff",
        "colorTextButtonWarningBordered": "#f9971e",
        "colorTextButtonWarningBorderedActive": "#e68206",
        "colorTextButtonWarningBorderedHover": "#f48a06",
        "colorTextButtonWarningHover": "#fff",
        "colorTextButtonWarningLink": "#f9971e",
        "colorTextButtonWarningLinkActive": "#e68206",
        "colorTextButtonWarningLinkHover": "#f48a06",
        "colorTextError": "#d21c1c",
        "colorTextInfo": "#0176D2",
        "colorTextInput": "#46515e",
        "colorTextInputDisabled": "#bac7d5",
        "colorTextPrimary": "#46515e",
        "colorTextSecondary": "#7f91a8",
        "durationFast": "0.2s",
        "durationNormal": "0.3s",
        "durationSlow": "0.4s",
        "fontFamily": "\\"Roboto\\", -apple-system, \\".SFNSText-Regular\\", \\"San Francisco\\", \\"Segoe UI\\", \\"Helvetica Neue\\", \\"Lucida Grande\\", sans-serif",
        "fontSizeButtonLarge": "16px",
        "fontSizeButtonNormal": "14px",
        "fontSizeButtonSmall": "12px",
        "fontSizeHeadingDisplay": "40px",
        "fontSizeHeadingLarge": "28px",
        "fontSizeHeadingMedium": "22px",
        "fontSizeHeadingSmall": "16px",
        "fontSizeHeadingTitle1": "28px",
        "fontSizeHeadingTitle2": "22px",
        "fontSizeHeadingTitle3": "16px",
        "fontSizeInputNormal": "16px",
        "fontSizeInputSmall": "14px",
        "fontSizeLabelForm": "14px",
        "fontSizeMessage": "14px",
        "fontSizeMessageForm": "12px",
        "fontSizeTextLarge": "16px",
        "fontSizeTextNormal": "14px",
        "fontSizeTextSmall": "12px",
        "fontWeightBold": "700",
        "fontWeightHeadingDisplay": "700",
        "fontWeightHeadingLevel1": "700",
        "fontWeightHeadingLevel2": "500",
        "fontWeightHeadingLevel3": "500",
        "fontWeightLinks": "500",
        "fontWeightMedium": "500",
        "fontWeightNormal": "400",
        "heightButtonLarge": "52px",
        "heightButtonNormal": "44px",
        "heightButtonSmall": "32px",
        "heightCheckbox": "20px",
        "heightIconLarge": "32px",
        "heightIconMedium": "24px",
        "heightIconSmall": "16px",
        "heightInputLarge": "52px",
        "heightInputNormal": "44px",
        "heightInputSmall": "32px",
        "heightRadioButton": "20px",
        "lineHeightHeading": "1.2",
        "lineHeightText": "1.4",
        "marginButtonIconLarge": "16px",
        "marginButtonIconNormal": "12px",
        "marginButtonIconSmall": "8px",
        "modifierDarkenActive": 0.1,
        "modifierDarkenButtonLink": 0.05,
        "modifierDarkenHover": 0.05,
        "modifierScaleButtonActive": 0.9,
        "opacityButtonDisabled": "0.3",
        "opacityCheckboxDisabled": "0.5",
        "opacityOverlay": "0.8",
        "opacityRadioButtonDisabled": "0.5",
        "paddingAlert": "16px",
        "paddingAlertWithIcon": "12px",
        "paddingButtonLarge": "28px",
        "paddingButtonLargeWithIcon": "12px",
        "paddingButtonNormal": "16px",
        "paddingButtonNormalWithIcon": "8px",
        "paddingButtonSmall": "12px",
        "paddingButtonSmallWithIcon": "8px",
        "paddingInputNormal": "16px",
        "paddingInputSmall": "12px",
        "paletteBlueDark": "#07405c",
        "paletteBlueLight": "#e0f6ff",
        "paletteBlueLightActive": "#b0e8fe",
        "paletteBlueLightHover": "#c8effe",
        "paletteBlueNormal": "#0176D2",
        "paletteBlueNormalActive": "#0064b2",
        "paletteBlueNormalHover": "#006abd",
        "paletteBrandDark": "#00826f",
        "paletteBrandLight": "#9cdad3",
        "paletteBrandLightActive": "#73cac0",
        "paletteBrandLightHover": "#80cfc6",
        "paletteBrandNormal": "#00a991",
        "paletteBrandNormalActive": "#008f7b",
        "paletteBrandNormalHover": "#009882",
        "paletteCloudLight": "#f5f7f9",
        "paletteCloudLightActive": "#d6dee6",
        "paletteCloudLightHover": "#e5eaef",
        "paletteCloudNormal": "#e8edf1",
        "paletteCloudNormalActive": "#cad5df",
        "paletteCloudNormalHover": "#d9e1e8",
        "paletteGreenDark": "#065d12",
        "paletteGreenLight": "#e7f3e8",
        "paletteGreenLightActive": "#c7e3c9",
        "paletteGreenLightHover": "#d7ebd8",
        "paletteGreenNormal": "#46B655",
        "paletteGreenNormalActive": "#3fa34c",
        "paletteGreenNormalHover": "#42ac50",
        "paletteInkDark": "#171b1e",
        "paletteInkLight": "#7f91a8",
        "paletteInkLightActive": "#5f738c",
        "paletteInkLightHover": "#6d819c",
        "paletteInkLighter": "#bac7d5",
        "paletteInkLighterActive": "#94a8be",
        "paletteInkLighterHover": "#a6b6c8",
        "paletteInkNormal": "#46515e",
        "paletteInkNormalActive": "#38404b",
        "paletteInkNormalHover": "#3f4854",
        "paletteOrangeDark": "#a93610",
        "paletteOrangeLight": "#fcf1cd",
        "paletteOrangeLightActive": "#f9e4a1",
        "paletteOrangeLightHover": "#faeab7",
        "paletteOrangeNormal": "#f9971e",
        "paletteOrangeNormalActive": "#e68206",
        "paletteOrangeNormalHover": "#f48a06",
        "paletteRedDark": "#650808",
        "paletteRedLight": "#fae8e8",
        "paletteRedLightActive": "#f1c0c0",
        "paletteRedLightHover": "#f5d4d4",
        "paletteRedNormal": "#d21c1c",
        "paletteRedNormalActive": "#b21717",
        "paletteRedNormalHover": "#bd1919",
        "paletteSocialFacebook": "#3b5998",
        "paletteSocialFacebookActive": "#354f88",
        "paletteSocialFacebookHover": "#385490",
        "paletteWhite": "#fff",
        "paletteWhiteActive": "#e5eaef",
        "paletteWhiteHover": "#f5f7f9",
        "spaceLarge": "24px",
        "spaceMedium": "16px",
        "spaceSmall": "12px",
        "spaceXLarge": "32px",
        "spaceXSmall": "8px",
        "spaceXXLarge": "40px",
        "spaceXXSmall": "4px",
        "spaceXXXLarge": "52px",
        "textDecorationLinkPrimary": "none",
        "textDecorationLinkPrimaryHover": "underline",
        "textDecorationLinkSecondary": "underline",
        "textDecorationLinkSecondaryHover": "underline",
        "widthCheckbox": "20px",
        "widthIconLarge": "32px",
        "widthIconMedium": "24px",
        "widthIconSmall": "16px",
        "widthRadioButton": "20px",
        "zIndexDefault": "1",
        "zIndexModal": "825",
        "zIndexModalOverlay": "800",
        "zIndexOnTheTop": "900",
        "zIndexSticky": "100",
      }
    }
    tokens={
      Object {
        "backgroundAlert": Object {
          "critical": "#fae8e8",
          "info": "#e0f6ff",
          "success": "#e7f3e8",
          "warning": "#fcf1cd",
        },
        "colorIconAlert": Object {
          "critical": "#d21c1c",
          "info": "#0176D2",
          "success": "#46B655",
          "warning": "#f9971e",
        },
        "colorTextAlert": Object {
          "critical": "#650808",
          "info": "#07405c",
          "success": "#065d12",
          "warning": "#a93610",
        },
      }
    }
    type="info"
  >
    <StyledDiv
      className="Alert__StyledAlert-dqYNhl fUtCMj"
      closable={false}
      onClose={[Function]}
      theme={
        Object {
          "backgroundAlertCritical": "#fae8e8",
          "backgroundAlertInfo": "#e0f6ff",
          "backgroundAlertSuccess": "#e7f3e8",
          "backgroundAlertWarning": "#fcf1cd",
          "backgroundBody": "#f5f7f9",
          "backgroundButtonBordered": "transparent",
          "backgroundButtonBorderedActive": "#fff",
          "backgroundButtonBorderedHover": "#f5f7f9",
          "backgroundButtonCritical": "#d21c1c",
          "backgroundButtonCriticalActive": "#b21717",
          "backgroundButtonCriticalHover": "#bd1919",
          "backgroundButtonCriticalLink": "transparent",
          "backgroundButtonCriticalLinkActive": "#f1c0c0",
          "backgroundButtonCriticalLinkHover": "#f5d4d4",
          "backgroundButtonFacebook": "#3b5998",
          "backgroundButtonFacebookActive": "#354f88",
          "backgroundButtonFacebookHover": "#385490",
          "backgroundButtonFacebookLink": "#3b5998",
          "backgroundButtonFacebookLinkActive": "#354f88",
          "backgroundButtonFacebookLinkHover": "#385490",
          "backgroundButtonGoogle": "#f5f7f9",
          "backgroundButtonGoogleActive": "#d6dee6",
          "backgroundButtonGoogleHover": "#e5eaef",
          "backgroundButtonGoogleLink": "transparent",
          "backgroundButtonGoogleLinkActive": "#d6dee6",
          "backgroundButtonGoogleLinkHover": "#e5eaef",
          "backgroundButtonInfo": "#0176D2",
          "backgroundButtonInfoActive": "#0064b2",
          "backgroundButtonInfoHover": "#006abd",
          "backgroundButtonInfoLink": "transparent",
          "backgroundButtonInfoLinkActive": "#b0e8fe",
          "backgroundButtonInfoLinkHover": "#c8effe",
          "backgroundButtonPrimary": "#00a991",
          "backgroundButtonPrimaryActive": "#008f7b",
          "backgroundButtonPrimaryHover": "#009882",
          "backgroundButtonPrimaryLink": "transparent",
          "backgroundButtonPrimaryLinkActive": "#73cac0",
          "backgroundButtonPrimaryLinkHover": "#80cfc6",
          "backgroundButtonSecondary": "#e8edf1",
          "backgroundButtonSecondaryActive": "#cad5df",
          "backgroundButtonSecondaryHover": "#d9e1e8",
          "backgroundButtonSecondaryLink": "transparent",
          "backgroundButtonSecondaryLinkActive": "#d6dee6",
          "backgroundButtonSecondaryLinkHover": "#e5eaef",
          "backgroundButtonSuccess": "#46B655",
          "backgroundButtonSuccessActive": "#3fa34c",
          "backgroundButtonSuccessHover": "#42ac50",
          "backgroundButtonSuccessLink": "transparent",
          "backgroundButtonSuccessLinkActive": "#c7e3c9",
          "backgroundButtonSuccessLinkHover": "#d7ebd8",
          "backgroundButtonWarning": "#f9971e",
          "backgroundButtonWarningActive": "#e68206",
          "backgroundButtonWarningHover": "#f48a06",
          "backgroundButtonWarningLink": "transparent",
          "backgroundButtonWarningLinkActive": "#f9e4a1",
          "backgroundButtonWarningLinkHover": "#faeab7",
          "backgroundCard": "#fff",
          "backgroundCarrierLogo": "#fff",
          "backgroundInput": "#fff",
          "backgroundInputDisabled": "#e8edf1",
          "backgroundModal": "#fff",
          "borderColorButtonCriticalBordered": "#d21c1c",
          "borderColorButtonCriticalBorderedActive": "#b21717",
          "borderColorButtonCriticalBorderedHover": "#bd1919",
          "borderColorButtonFacebookBordered": "#3b5998",
          "borderColorButtonFacebookBorderedActive": "#354f88",
          "borderColorButtonFacebookBorderedHover": "#385490",
          "borderColorButtonGoogleBordered": "#46515e",
          "borderColorButtonGoogleBorderedActive": "#38404b",
          "borderColorButtonGoogleBorderedHover": "#3f4854",
          "borderColorButtonInfoBordered": "#0176D2",
          "borderColorButtonInfoBorderedActive": "#0064b2",
          "borderColorButtonInfoBorderedHover": "#006abd",
          "borderColorButtonPrimaryBordered": "#00a991",
          "borderColorButtonPrimaryBorderedActive": "#008f7b",
          "borderColorButtonPrimaryBorderedHover": "#009882",
          "borderColorButtonSecondaryBordered": "#46515e",
          "borderColorButtonSecondaryBorderedActive": "#38404b",
          "borderColorButtonSecondaryBorderedHover": "#3f4854",
          "borderColorButtonSuccessBordered": "#46B655",
          "borderColorButtonSuccessBorderedActive": "#3fa34c",
          "borderColorButtonSuccessBorderedHover": "#42ac50",
          "borderColorButtonWarningBordered": "#f9971e",
          "borderColorButtonWarningBorderedActive": "#e68206",
          "borderColorButtonWarningBorderedHover": "#f48a06",
          "borderColorCard": "#e8edf1",
          "borderColorInput": "#bac7d5",
          "borderColorInputActive": "#94a8be",
          "borderColorInputError": "#d21c1c",
          "borderColorInputErrorFocus": "#d21c1c",
          "borderColorInputFocus": "#0176D2",
          "borderColorInputHover": "#a6b6c8",
          "borderColorModal": "#e8edf1",
          "borderColorTableCell": "#bac7d5",
          "borderRadiusCircle": "50%",
          "borderRadiusLarge": "6px",
          "borderRadiusNormal": "3px",
          "borderRadiusSmall": "2px",
          "borderStyleCard": "solid",
          "borderStyleInput": "solid",
          "borderWidthCard": "1px",
          "borderWidthInput": "1px",
          "boxShadowInputErrorFocus": "0px 0px 3px 1px rgba(210,28,28,0.3)",
          "boxShadowInputFocus": "0px 0px 3px 1px rgba(1,118,210,0.3)",
          "colorAlertIconCritical": "#d21c1c",
          "colorAlertIconInfo": "#0176D2",
          "colorAlertIconSuccess": "#46B655",
          "colorAlertIconWarning": "#f9971e",
          "colorHeading": "#171b1e",
          "colorIconAttention": "#171b1e",
          "colorIconCheckbox": "#00a991",
          "colorIconCheckboxDisabled": "#bac7d5",
          "colorIconInput": "#bac7d5",
          "colorIconPrimary": "#46515e",
          "colorIconRadioButton": "#00a991",
          "colorIconRadioButtonDisabled": "#bac7d5",
          "colorIconSecondary": "#7f91a8",
          "colorIconTerciary": "#bac7d5",
          "colorLabelForm": "#46515e",
          "colorLabelFormFilled": "#7f91a8",
          "colorLinkPrimary": "#00a991",
          "colorLinkPrimaryHover": "#00a991",
          "colorLinkSecondary": "#171b1e",
          "colorPlaceholderInput": "#bac7d5",
          "colorTextAlertCritical": "#650808",
          "colorTextAlertInfo": "#07405c",
          "colorTextAlertSuccess": "#065d12",
          "colorTextAlertWarning": "#a93610",
          "colorTextAttention": "#171b1e",
          "colorTextButtonCritical": "#fff",
          "colorTextButtonCriticalActive": "#fff",
          "colorTextButtonCriticalBordered": "#d21c1c",
          "colorTextButtonCriticalBorderedActive": "#b21717",
          "colorTextButtonCriticalBorderedHover": "#bd1919",
          "colorTextButtonCriticalHover": "#fff",
          "colorTextButtonCriticalLink": "#d21c1c",
          "colorTextButtonCriticalLinkActive": "#b21717",
          "colorTextButtonCriticalLinkHover": "#bd1919",
          "colorTextButtonFacebook": "#fff",
          "colorTextButtonFacebookActive": "#fff",
          "colorTextButtonFacebookBordered": "#3b5998",
          "colorTextButtonFacebookBorderedActive": "#354f88",
          "colorTextButtonFacebookBorderedHover": "#385490",
          "colorTextButtonFacebookHover": "#fff",
          "colorTextButtonFacebookLink": "#fff",
          "colorTextButtonFacebookLinkActive": "#fff",
          "colorTextButtonFacebookLinkHover": "#fff",
          "colorTextButtonFilled": "#fff",
          "colorTextButtonFilledActive": "#fff",
          "colorTextButtonFilledHover": "#fff",
          "colorTextButtonGoogle": "#46515e",
          "colorTextButtonGoogleActive": "#38404b",
          "colorTextButtonGoogleBordered": "#46515e",
          "colorTextButtonGoogleBorderedActive": "#38404b",
          "colorTextButtonGoogleBorderedHover": "#3f4854",
          "colorTextButtonGoogleHover": "#3f4854",
          "colorTextButtonGoogleLink": "#46515e",
          "colorTextButtonGoogleLinkActive": "#38404b",
          "colorTextButtonGoogleLinkHover": "#3f4854",
          "colorTextButtonInfo": "#fff",
          "colorTextButtonInfoActive": "#fff",
          "colorTextButtonInfoBordered": "#0176D2",
          "colorTextButtonInfoBorderedActive": "#0064b2",
          "colorTextButtonInfoBorderedHover": "#006abd",
          "colorTextButtonInfoHover": "#fff",
          "colorTextButtonInfoLink": "#0176D2",
          "colorTextButtonInfoLinkActive": "#0064b2",
          "colorTextButtonInfoLinkHover": "#006abd",
          "colorTextButtonPrimary": "#fff",
          "colorTextButtonPrimaryActive": "#fff",
          "colorTextButtonPrimaryBordered": "#00a991",
          "colorTextButtonPrimaryBorderedActive": "#008f7b",
          "colorTextButtonPrimaryBorderedHover": "#009882",
          "colorTextButtonPrimaryHover": "#fff",
          "colorTextButtonPrimaryLink": "#00a991",
          "colorTextButtonPrimaryLinkActive": "#008f7b",
          "colorTextButtonPrimaryLinkHover": "#009882",
          "colorTextButtonSecondary": "#46515e",
          "colorTextButtonSecondaryActive": "#38404b",
          "colorTextButtonSecondaryBordered": "#46515e",
          "colorTextButtonSecondaryBorderedActive": "#38404b",
          "colorTextButtonSecondaryBorderedHover": "#3f4854",
          "colorTextButtonSecondaryHover": "#3f4854",
          "colorTextButtonSecondaryLink": "#46515e",
          "colorTextButtonSecondaryLinkActive": "#38404b",
          "colorTextButtonSecondaryLinkHover": "#3f4854",
          "colorTextButtonSuccess": "#fff",
          "colorTextButtonSuccessActive": "#fff",
          "colorTextButtonSuccessBordered": "#46B655",
          "colorTextButtonSuccessBorderedActive": "#3fa34c",
          "colorTextButtonSuccessBorderedHover": "#42ac50",
          "colorTextButtonSuccessHover": "#fff",
          "colorTextButtonSuccessLink": "#46B655",
          "colorTextButtonSuccessLinkActive": "#3fa34c",
          "colorTextButtonSuccessLinkHover": "#42ac50",
          "colorTextButtonWarning": "#fff",
          "colorTextButtonWarningActive": "#fff",
          "colorTextButtonWarningBordered": "#f9971e",
          "colorTextButtonWarningBorderedActive": "#e68206",
          "colorTextButtonWarningBorderedHover": "#f48a06",
          "colorTextButtonWarningHover": "#fff",
          "colorTextButtonWarningLink": "#f9971e",
          "colorTextButtonWarningLinkActive": "#e68206",
          "colorTextButtonWarningLinkHover": "#f48a06",
          "colorTextError": "#d21c1c",
          "colorTextInfo": "#0176D2",
          "colorTextInput": "#46515e",
          "colorTextInputDisabled": "#bac7d5",
          "colorTextPrimary": "#46515e",
          "colorTextSecondary": "#7f91a8",
          "durationFast": "0.2s",
          "durationNormal": "0.3s",
          "durationSlow": "0.4s",
          "fontFamily": "\\"Roboto\\", -apple-system, \\".SFNSText-Regular\\", \\"San Francisco\\", \\"Segoe UI\\", \\"Helvetica Neue\\", \\"Lucida Grande\\", sans-serif",
          "fontSizeButtonLarge": "16px",
          "fontSizeButtonNormal": "14px",
          "fontSizeButtonSmall": "12px",
          "fontSizeHeadingDisplay": "40px",
          "fontSizeHeadingLarge": "28px",
          "fontSizeHeadingMedium": "22px",
          "fontSizeHeadingSmall": "16px",
          "fontSizeHeadingTitle1": "28px",
          "fontSizeHeadingTitle2": "22px",
          "fontSizeHeadingTitle3": "16px",
          "fontSizeInputNormal": "16px",
          "fontSizeInputSmall": "14px",
          "fontSizeLabelForm": "14px",
          "fontSizeMessage": "14px",
          "fontSizeMessageForm": "12px",
          "fontSizeTextLarge": "16px",
          "fontSizeTextNormal": "14px",
          "fontSizeTextSmall": "12px",
          "fontWeightBold": "700",
          "fontWeightHeadingDisplay": "700",
          "fontWeightHeadingLevel1": "700",
          "fontWeightHeadingLevel2": "500",
          "fontWeightHeadingLevel3": "500",
          "fontWeightLinks": "500",
          "fontWeightMedium": "500",
          "fontWeightNormal": "400",
          "heightButtonLarge": "52px",
          "heightButtonNormal": "44px",
          "heightButtonSmall": "32px",
          "heightCheckbox": "20px",
          "heightIconLarge": "32px",
          "heightIconMedium": "24px",
          "heightIconSmall": "16px",
          "heightInputLarge": "52px",
          "heightInputNormal": "44px",
          "heightInputSmall": "32px",
          "heightRadioButton": "20px",
          "lineHeightHeading": "1.2",
          "lineHeightText": "1.4",
          "marginButtonIconLarge": "16px",
          "marginButtonIconNormal": "12px",
          "marginButtonIconSmall": "8px",
          "modifierDarkenActive": 0.1,
          "modifierDarkenButtonLink": 0.05,
          "modifierDarkenHover": 0.05,
          "modifierScaleButtonActive": 0.9,
          "opacityButtonDisabled": "0.3",
          "opacityCheckboxDisabled": "0.5",
          "opacityOverlay": "0.8",
          "opacityRadioButtonDisabled": "0.5",
          "paddingAlert": "16px",
          "paddingAlertWithIcon": "12px",
          "paddingButtonLarge": "28px",
          "paddingButtonLargeWithIcon": "12px",
          "paddingButtonNormal": "16px",
          "paddingButtonNormalWithIcon": "8px",
          "paddingButtonSmall": "12px",
          "paddingButtonSmallWithIcon": "8px",
          "paddingInputNormal": "16px",
          "paddingInputSmall": "12px",
          "paletteBlueDark": "#07405c",
          "paletteBlueLight": "#e0f6ff",
          "paletteBlueLightActive": "#b0e8fe",
          "paletteBlueLightHover": "#c8effe",
          "paletteBlueNormal": "#0176D2",
          "paletteBlueNormalActive": "#0064b2",
          "paletteBlueNormalHover": "#006abd",
          "paletteBrandDark": "#00826f",
          "paletteBrandLight": "#9cdad3",
          "paletteBrandLightActive": "#73cac0",
          "paletteBrandLightHover": "#80cfc6",
          "paletteBrandNormal": "#00a991",
          "paletteBrandNormalActive": "#008f7b",
          "paletteBrandNormalHover": "#009882",
          "paletteCloudLight": "#f5f7f9",
          "paletteCloudLightActive": "#d6dee6",
          "paletteCloudLightHover": "#e5eaef",
          "paletteCloudNormal": "#e8edf1",
          "paletteCloudNormalActive": "#cad5df",
          "paletteCloudNormalHover": "#d9e1e8",
          "paletteGreenDark": "#065d12",
          "paletteGreenLight": "#e7f3e8",
          "paletteGreenLightActive": "#c7e3c9",
          "paletteGreenLightHover": "#d7ebd8",
          "paletteGreenNormal": "#46B655",
          "paletteGreenNormalActive": "#3fa34c",
          "paletteGreenNormalHover": "#42ac50",
          "paletteInkDark": "#171b1e",
          "paletteInkLight": "#7f91a8",
          "paletteInkLightActive": "#5f738c",
          "paletteInkLightHover": "#6d819c",
          "paletteInkLighter": "#bac7d5",
          "paletteInkLighterActive": "#94a8be",
          "paletteInkLighterHover": "#a6b6c8",
          "paletteInkNormal": "#46515e",
          "paletteInkNormalActive": "#38404b",
          "paletteInkNormalHover": "#3f4854",
          "paletteOrangeDark": "#a93610",
          "paletteOrangeLight": "#fcf1cd",
          "paletteOrangeLightActive": "#f9e4a1",
          "paletteOrangeLightHover": "#faeab7",
          "paletteOrangeNormal": "#f9971e",
          "paletteOrangeNormalActive": "#e68206",
          "paletteOrangeNormalHover": "#f48a06",
          "paletteRedDark": "#650808",
          "paletteRedLight": "#fae8e8",
          "paletteRedLightActive": "#f1c0c0",
          "paletteRedLightHover": "#f5d4d4",
          "paletteRedNormal": "#d21c1c",
          "paletteRedNormalActive": "#b21717",
          "paletteRedNormalHover": "#bd1919",
          "paletteSocialFacebook": "#3b5998",
          "paletteSocialFacebookActive": "#354f88",
          "paletteSocialFacebookHover": "#385490",
          "paletteWhite": "#fff",
          "paletteWhiteActive": "#e5eaef",
          "paletteWhiteHover": "#f5f7f9",
          "spaceLarge": "24px",
          "spaceMedium": "16px",
          "spaceSmall": "12px",
          "spaceXLarge": "32px",
          "spaceXSmall": "8px",
          "spaceXXLarge": "40px",
          "spaceXXSmall": "4px",
          "spaceXXXLarge": "52px",
          "textDecorationLinkPrimary": "none",
          "textDecorationLinkPrimaryHover": "underline",
          "textDecorationLinkSecondary": "underline",
          "textDecorationLinkSecondaryHover": "underline",
          "widthCheckbox": "20px",
          "widthIconLarge": "32px",
          "widthIconMedium": "24px",
          "widthIconSmall": "16px",
          "widthRadioButton": "20px",
          "zIndexDefault": "1",
          "zIndexModal": "825",
          "zIndexModalOverlay": "800",
          "zIndexOnTheTop": "900",
          "zIndexSticky": "100",
        }
      }
      tokens={
        Object {
          "backgroundAlert": Object {
            "critical": "#fae8e8",
            "info": "#e0f6ff",
            "success": "#e7f3e8",
            "warning": "#fcf1cd",
          },
          "colorIconAlert": Object {
            "critical": "#d21c1c",
            "info": "#0176D2",
            "success": "#46B655",
            "warning": "#f9971e",
          },
          "colorTextAlert": Object {
            "critical": "#650808",
            "info": "#07405c",
            "success": "#065d12",
            "warning": "#a93610",
          },
        }
      }
      type="info"
    >
      <div
        className="Alert__StyledAlert-dqYNhl fUtCMj"
      >
        <div>
          <Alert__Content
            theme={
              Object {
                "backgroundAlertCritical": "#fae8e8",
                "backgroundAlertInfo": "#e0f6ff",
                "backgroundAlertSuccess": "#e7f3e8",
                "backgroundAlertWarning": "#fcf1cd",
                "backgroundBody": "#f5f7f9",
                "backgroundButtonBordered": "transparent",
                "backgroundButtonBorderedActive": "#fff",
                "backgroundButtonBorderedHover": "#f5f7f9",
                "backgroundButtonCritical": "#d21c1c",
                "backgroundButtonCriticalActive": "#b21717",
                "backgroundButtonCriticalHover": "#bd1919",
                "backgroundButtonCriticalLink": "transparent",
                "backgroundButtonCriticalLinkActive": "#f1c0c0",
                "backgroundButtonCriticalLinkHover": "#f5d4d4",
                "backgroundButtonFacebook": "#3b5998",
                "backgroundButtonFacebookActive": "#354f88",
                "backgroundButtonFacebookHover": "#385490",
                "backgroundButtonFacebookLink": "#3b5998",
                "backgroundButtonFacebookLinkActive": "#354f88",
                "backgroundButtonFacebookLinkHover": "#385490",
                "backgroundButtonGoogle": "#f5f7f9",
                "backgroundButtonGoogleActive": "#d6dee6",
                "backgroundButtonGoogleHover": "#e5eaef",
                "backgroundButtonGoogleLink": "transparent",
                "backgroundButtonGoogleLinkActive": "#d6dee6",
                "backgroundButtonGoogleLinkHover": "#e5eaef",
                "backgroundButtonInfo": "#0176D2",
                "backgroundButtonInfoActive": "#0064b2",
                "backgroundButtonInfoHover": "#006abd",
                "backgroundButtonInfoLink": "transparent",
                "backgroundButtonInfoLinkActive": "#b0e8fe",
                "backgroundButtonInfoLinkHover": "#c8effe",
                "backgroundButtonPrimary": "#00a991",
                "backgroundButtonPrimaryActive": "#008f7b",
                "backgroundButtonPrimaryHover": "#009882",
                "backgroundButtonPrimaryLink": "transparent",
                "backgroundButtonPrimaryLinkActive": "#73cac0",
                "backgroundButtonPrimaryLinkHover": "#80cfc6",
                "backgroundButtonSecondary": "#e8edf1",
                "backgroundButtonSecondaryActive": "#cad5df",
                "backgroundButtonSecondaryHover": "#d9e1e8",
                "backgroundButtonSecondaryLink": "transparent",
                "backgroundButtonSecondaryLinkActive": "#d6dee6",
                "backgroundButtonSecondaryLinkHover": "#e5eaef",
                "backgroundButtonSuccess": "#46B655",
                "backgroundButtonSuccessActive": "#3fa34c",
                "backgroundButtonSuccessHover": "#42ac50",
                "backgroundButtonSuccessLink": "transparent",
                "backgroundButtonSuccessLinkActive": "#c7e3c9",
                "backgroundButtonSuccessLinkHover": "#d7ebd8",
                "backgroundButtonWarning": "#f9971e",
                "backgroundButtonWarningActive": "#e68206",
                "backgroundButtonWarningHover": "#f48a06",
                "backgroundButtonWarningLink": "transparent",
                "backgroundButtonWarningLinkActive": "#f9e4a1",
                "backgroundButtonWarningLinkHover": "#faeab7",
                "backgroundCard": "#fff",
                "backgroundCarrierLogo": "#fff",
                "backgroundInput": "#fff",
                "backgroundInputDisabled": "#e8edf1",
                "backgroundModal": "#fff",
                "borderColorButtonCriticalBordered": "#d21c1c",
                "borderColorButtonCriticalBorderedActive": "#b21717",
                "borderColorButtonCriticalBorderedHover": "#bd1919",
                "borderColorButtonFacebookBordered": "#3b5998",
                "borderColorButtonFacebookBorderedActive": "#354f88",
                "borderColorButtonFacebookBorderedHover": "#385490",
                "borderColorButtonGoogleBordered": "#46515e",
                "borderColorButtonGoogleBorderedActive": "#38404b",
                "borderColorButtonGoogleBorderedHover": "#3f4854",
                "borderColorButtonInfoBordered": "#0176D2",
                "borderColorButtonInfoBorderedActive": "#0064b2",
                "borderColorButtonInfoBorderedHover": "#006abd",
                "borderColorButtonPrimaryBordered": "#00a991",
                "borderColorButtonPrimaryBorderedActive": "#008f7b",
                "borderColorButtonPrimaryBorderedHover": "#009882",
                "borderColorButtonSecondaryBordered": "#46515e",
                "borderColorButtonSecondaryBorderedActive": "#38404b",
                "borderColorButtonSecondaryBorderedHover": "#3f4854",
                "borderColorButtonSuccessBordered": "#46B655",
                "borderColorButtonSuccessBorderedActive": "#3fa34c",
                "borderColorButtonSuccessBorderedHover": "#42ac50",
                "borderColorButtonWarningBordered": "#f9971e",
                "borderColorButtonWarningBorderedActive": "#e68206",
                "borderColorButtonWarningBorderedHover": "#f48a06",
                "borderColorCard": "#e8edf1",
                "borderColorInput": "#bac7d5",
                "borderColorInputActive": "#94a8be",
                "borderColorInputError": "#d21c1c",
                "borderColorInputErrorFocus": "#d21c1c",
                "borderColorInputFocus": "#0176D2",
                "borderColorInputHover": "#a6b6c8",
                "borderColorModal": "#e8edf1",
                "borderColorTableCell": "#bac7d5",
                "borderRadiusCircle": "50%",
                "borderRadiusLarge": "6px",
                "borderRadiusNormal": "3px",
                "borderRadiusSmall": "2px",
                "borderStyleCard": "solid",
                "borderStyleInput": "solid",
                "borderWidthCard": "1px",
                "borderWidthInput": "1px",
                "boxShadowInputErrorFocus": "0px 0px 3px 1px rgba(210,28,28,0.3)",
                "boxShadowInputFocus": "0px 0px 3px 1px rgba(1,118,210,0.3)",
                "colorAlertIconCritical": "#d21c1c",
                "colorAlertIconInfo": "#0176D2",
                "colorAlertIconSuccess": "#46B655",
                "colorAlertIconWarning": "#f9971e",
                "colorHeading": "#171b1e",
                "colorIconAttention": "#171b1e",
                "colorIconCheckbox": "#00a991",
                "colorIconCheckboxDisabled": "#bac7d5",
                "colorIconInput": "#bac7d5",
                "colorIconPrimary": "#46515e",
                "colorIconRadioButton": "#00a991",
                "colorIconRadioButtonDisabled": "#bac7d5",
                "colorIconSecondary": "#7f91a8",
                "colorIconTerciary": "#bac7d5",
                "colorLabelForm": "#46515e",
                "colorLabelFormFilled": "#7f91a8",
                "colorLinkPrimary": "#00a991",
                "colorLinkPrimaryHover": "#00a991",
                "colorLinkSecondary": "#171b1e",
                "colorPlaceholderInput": "#bac7d5",
                "colorTextAlertCritical": "#650808",
                "colorTextAlertInfo": "#07405c",
                "colorTextAlertSuccess": "#065d12",
                "colorTextAlertWarning": "#a93610",
                "colorTextAttention": "#171b1e",
                "colorTextButtonCritical": "#fff",
                "colorTextButtonCriticalActive": "#fff",
                "colorTextButtonCriticalBordered": "#d21c1c",
                "colorTextButtonCriticalBorderedActive": "#b21717",
                "colorTextButtonCriticalBorderedHover": "#bd1919",
                "colorTextButtonCriticalHover": "#fff",
                "colorTextButtonCriticalLink": "#d21c1c",
                "colorTextButtonCriticalLinkActive": "#b21717",
                "colorTextButtonCriticalLinkHover": "#bd1919",
                "colorTextButtonFacebook": "#fff",
                "colorTextButtonFacebookActive": "#fff",
                "colorTextButtonFacebookBordered": "#3b5998",
                "colorTextButtonFacebookBorderedActive": "#354f88",
                "colorTextButtonFacebookBorderedHover": "#385490",
                "colorTextButtonFacebookHover": "#fff",
                "colorTextButtonFacebookLink": "#fff",
                "colorTextButtonFacebookLinkActive": "#fff",
                "colorTextButtonFacebookLinkHover": "#fff",
                "colorTextButtonFilled": "#fff",
                "colorTextButtonFilledActive": "#fff",
                "colorTextButtonFilledHover": "#fff",
                "colorTextButtonGoogle": "#46515e",
                "colorTextButtonGoogleActive": "#38404b",
                "colorTextButtonGoogleBordered": "#46515e",
                "colorTextButtonGoogleBorderedActive": "#38404b",
                "colorTextButtonGoogleBorderedHover": "#3f4854",
                "colorTextButtonGoogleHover": "#3f4854",
                "colorTextButtonGoogleLink": "#46515e",
                "colorTextButtonGoogleLinkActive": "#38404b",
                "colorTextButtonGoogleLinkHover": "#3f4854",
                "colorTextButtonInfo": "#fff",
                "colorTextButtonInfoActive": "#fff",
                "colorTextButtonInfoBordered": "#0176D2",
                "colorTextButtonInfoBorderedActive": "#0064b2",
                "colorTextButtonInfoBorderedHover": "#006abd",
                "colorTextButtonInfoHover": "#fff",
                "colorTextButtonInfoLink": "#0176D2",
                "colorTextButtonInfoLinkActive": "#0064b2",
                "colorTextButtonInfoLinkHover": "#006abd",
                "colorTextButtonPrimary": "#fff",
                "colorTextButtonPrimaryActive": "#fff",
                "colorTextButtonPrimaryBordered": "#00a991",
                "colorTextButtonPrimaryBorderedActive": "#008f7b",
                "colorTextButtonPrimaryBorderedHover": "#009882",
                "colorTextButtonPrimaryHover": "#fff",
                "colorTextButtonPrimaryLink": "#00a991",
                "colorTextButtonPrimaryLinkActive": "#008f7b",
                "colorTextButtonPrimaryLinkHover": "#009882",
                "colorTextButtonSecondary": "#46515e",
                "colorTextButtonSecondaryActive": "#38404b",
                "colorTextButtonSecondaryBordered": "#46515e",
                "colorTextButtonSecondaryBorderedActive": "#38404b",
                "colorTextButtonSecondaryBorderedHover": "#3f4854",
                "colorTextButtonSecondaryHover": "#3f4854",
                "colorTextButtonSecondaryLink": "#46515e",
                "colorTextButtonSecondaryLinkActive": "#38404b",
                "colorTextButtonSecondaryLinkHover": "#3f4854",
                "colorTextButtonSuccess": "#fff",
                "colorTextButtonSuccessActive": "#fff",
                "colorTextButtonSuccessBordered": "#46B655",
                "colorTextButtonSuccessBorderedActive": "#3fa34c",
                "colorTextButtonSuccessBorderedHover": "#42ac50",
                "colorTextButtonSuccessHover": "#fff",
                "colorTextButtonSuccessLink": "#46B655",
                "colorTextButtonSuccessLinkActive": "#3fa34c",
                "colorTextButtonSuccessLinkHover": "#42ac50",
                "colorTextButtonWarning": "#fff",
                "colorTextButtonWarningActive": "#fff",
                "colorTextButtonWarningBordered": "#f9971e",
                "colorTextButtonWarningBorderedActive": "#e68206",
                "colorTextButtonWarningBorderedHover": "#f48a06",
                "colorTextButtonWarningHover": "#fff",
                "colorTextButtonWarningLink": "#f9971e",
                "colorTextButtonWarningLinkActive": "#e68206",
                "colorTextButtonWarningLinkHover": "#f48a06",
                "colorTextError": "#d21c1c",
                "colorTextInfo": "#0176D2",
                "colorTextInput": "#46515e",
                "colorTextInputDisabled": "#bac7d5",
                "colorTextPrimary": "#46515e",
                "colorTextSecondary": "#7f91a8",
                "durationFast": "0.2s",
                "durationNormal": "0.3s",
                "durationSlow": "0.4s",
                "fontFamily": "\\"Roboto\\", -apple-system, \\".SFNSText-Regular\\", \\"San Francisco\\", \\"Segoe UI\\", \\"Helvetica Neue\\", \\"Lucida Grande\\", sans-serif",
                "fontSizeButtonLarge": "16px",
                "fontSizeButtonNormal": "14px",
                "fontSizeButtonSmall": "12px",
                "fontSizeHeadingDisplay": "40px",
                "fontSizeHeadingLarge": "28px",
                "fontSizeHeadingMedium": "22px",
                "fontSizeHeadingSmall": "16px",
                "fontSizeHeadingTitle1": "28px",
                "fontSizeHeadingTitle2": "22px",
                "fontSizeHeadingTitle3": "16px",
                "fontSizeInputNormal": "16px",
                "fontSizeInputSmall": "14px",
                "fontSizeLabelForm": "14px",
                "fontSizeMessage": "14px",
                "fontSizeMessageForm": "12px",
                "fontSizeTextLarge": "16px",
                "fontSizeTextNormal": "14px",
                "fontSizeTextSmall": "12px",
                "fontWeightBold": "700",
                "fontWeightHeadingDisplay": "700",
                "fontWeightHeadingLevel1": "700",
                "fontWeightHeadingLevel2": "500",
                "fontWeightHeadingLevel3": "500",
                "fontWeightLinks": "500",
                "fontWeightMedium": "500",
                "fontWeightNormal": "400",
                "heightButtonLarge": "52px",
                "heightButtonNormal": "44px",
                "heightButtonSmall": "32px",
                "heightCheckbox": "20px",
                "heightIconLarge": "32px",
                "heightIconMedium": "24px",
                "heightIconSmall": "16px",
                "heightInputLarge": "52px",
                "heightInputNormal": "44px",
                "heightInputSmall": "32px",
                "heightRadioButton": "20px",
                "lineHeightHeading": "1.2",
                "lineHeightText": "1.4",
                "marginButtonIconLarge": "16px",
                "marginButtonIconNormal": "12px",
                "marginButtonIconSmall": "8px",
                "modifierDarkenActive": 0.1,
                "modifierDarkenButtonLink": 0.05,
                "modifierDarkenHover": 0.05,
                "modifierScaleButtonActive": 0.9,
                "opacityButtonDisabled": "0.3",
                "opacityCheckboxDisabled": "0.5",
                "opacityOverlay": "0.8",
                "opacityRadioButtonDisabled": "0.5",
                "paddingAlert": "16px",
                "paddingAlertWithIcon": "12px",
                "paddingButtonLarge": "28px",
                "paddingButtonLargeWithIcon": "12px",
                "paddingButtonNormal": "16px",
                "paddingButtonNormalWithIcon": "8px",
                "paddingButtonSmall": "12px",
                "paddingButtonSmallWithIcon": "8px",
                "paddingInputNormal": "16px",
                "paddingInputSmall": "12px",
                "paletteBlueDark": "#07405c",
                "paletteBlueLight": "#e0f6ff",
                "paletteBlueLightActive": "#b0e8fe",
                "paletteBlueLightHover": "#c8effe",
                "paletteBlueNormal": "#0176D2",
                "paletteBlueNormalActive": "#0064b2",
                "paletteBlueNormalHover": "#006abd",
                "paletteBrandDark": "#00826f",
                "paletteBrandLight": "#9cdad3",
                "paletteBrandLightActive": "#73cac0",
                "paletteBrandLightHover": "#80cfc6",
                "paletteBrandNormal": "#00a991",
                "paletteBrandNormalActive": "#008f7b",
                "paletteBrandNormalHover": "#009882",
                "paletteCloudLight": "#f5f7f9",
                "paletteCloudLightActive": "#d6dee6",
                "paletteCloudLightHover": "#e5eaef",
                "paletteCloudNormal": "#e8edf1",
                "paletteCloudNormalActive": "#cad5df",
                "paletteCloudNormalHover": "#d9e1e8",
                "paletteGreenDark": "#065d12",
                "paletteGreenLight": "#e7f3e8",
                "paletteGreenLightActive": "#c7e3c9",
                "paletteGreenLightHover": "#d7ebd8",
                "paletteGreenNormal": "#46B655",
                "paletteGreenNormalActive": "#3fa34c",
                "paletteGreenNormalHover": "#42ac50",
                "paletteInkDark": "#171b1e",
                "paletteInkLight": "#7f91a8",
                "paletteInkLightActive": "#5f738c",
                "paletteInkLightHover": "#6d819c",
                "paletteInkLighter": "#bac7d5",
                "paletteInkLighterActive": "#94a8be",
                "paletteInkLighterHover": "#a6b6c8",
                "paletteInkNormal": "#46515e",
                "paletteInkNormalActive": "#38404b",
                "paletteInkNormalHover": "#3f4854",
                "paletteOrangeDark": "#a93610",
                "paletteOrangeLight": "#fcf1cd",
                "paletteOrangeLightActive": "#f9e4a1",
                "paletteOrangeLightHover": "#faeab7",
                "paletteOrangeNormal": "#f9971e",
                "paletteOrangeNormalActive": "#e68206",
                "paletteOrangeNormalHover": "#f48a06",
                "paletteRedDark": "#650808",
                "paletteRedLight": "#fae8e8",
                "paletteRedLightActive": "#f1c0c0",
                "paletteRedLightHover": "#f5d4d4",
                "paletteRedNormal": "#d21c1c",
                "paletteRedNormalActive": "#b21717",
                "paletteRedNormalHover": "#bd1919",
                "paletteSocialFacebook": "#3b5998",
                "paletteSocialFacebookActive": "#354f88",
                "paletteSocialFacebookHover": "#385490",
                "paletteWhite": "#fff",
                "paletteWhiteActive": "#e5eaef",
                "paletteWhiteHover": "#f5f7f9",
                "spaceLarge": "24px",
                "spaceMedium": "16px",
                "spaceSmall": "12px",
                "spaceXLarge": "32px",
                "spaceXSmall": "8px",
                "spaceXXLarge": "40px",
                "spaceXXSmall": "4px",
                "spaceXXXLarge": "52px",
                "textDecorationLinkPrimary": "none",
                "textDecorationLinkPrimaryHover": "underline",
                "textDecorationLinkSecondary": "underline",
                "textDecorationLinkSecondaryHover": "underline",
                "widthCheckbox": "20px",
                "widthIconLarge": "32px",
                "widthIconMedium": "24px",
                "widthIconSmall": "16px",
                "widthRadioButton": "20px",
                "zIndexDefault": "1",
                "zIndexModal": "825",
                "zIndexModalOverlay": "800",
                "zIndexOnTheTop": "900",
                "zIndexSticky": "100",
              }
            }
          >
            <StyledDiv
              className="Alert__Content-icgAru gFLPsb"
              theme={
                Object {
                  "backgroundAlertCritical": "#fae8e8",
                  "backgroundAlertInfo": "#e0f6ff",
                  "backgroundAlertSuccess": "#e7f3e8",
                  "backgroundAlertWarning": "#fcf1cd",
                  "backgroundBody": "#f5f7f9",
                  "backgroundButtonBordered": "transparent",
                  "backgroundButtonBorderedActive": "#fff",
                  "backgroundButtonBorderedHover": "#f5f7f9",
                  "backgroundButtonCritical": "#d21c1c",
                  "backgroundButtonCriticalActive": "#b21717",
                  "backgroundButtonCriticalHover": "#bd1919",
                  "backgroundButtonCriticalLink": "transparent",
                  "backgroundButtonCriticalLinkActive": "#f1c0c0",
                  "backgroundButtonCriticalLinkHover": "#f5d4d4",
                  "backgroundButtonFacebook": "#3b5998",
                  "backgroundButtonFacebookActive": "#354f88",
                  "backgroundButtonFacebookHover": "#385490",
                  "backgroundButtonFacebookLink": "#3b5998",
                  "backgroundButtonFacebookLinkActive": "#354f88",
                  "backgroundButtonFacebookLinkHover": "#385490",
                  "backgroundButtonGoogle": "#f5f7f9",
                  "backgroundButtonGoogleActive": "#d6dee6",
                  "backgroundButtonGoogleHover": "#e5eaef",
                  "backgroundButtonGoogleLink": "transparent",
                  "backgroundButtonGoogleLinkActive": "#d6dee6",
                  "backgroundButtonGoogleLinkHover": "#e5eaef",
                  "backgroundButtonInfo": "#0176D2",
                  "backgroundButtonInfoActive": "#0064b2",
                  "backgroundButtonInfoHover": "#006abd",
                  "backgroundButtonInfoLink": "transparent",
                  "backgroundButtonInfoLinkActive": "#b0e8fe",
                  "backgroundButtonInfoLinkHover": "#c8effe",
                  "backgroundButtonPrimary": "#00a991",
                  "backgroundButtonPrimaryActive": "#008f7b",
                  "backgroundButtonPrimaryHover": "#009882",
                  "backgroundButtonPrimaryLink": "transparent",
                  "backgroundButtonPrimaryLinkActive": "#73cac0",
                  "backgroundButtonPrimaryLinkHover": "#80cfc6",
                  "backgroundButtonSecondary": "#e8edf1",
                  "backgroundButtonSecondaryActive": "#cad5df",
                  "backgroundButtonSecondaryHover": "#d9e1e8",
                  "backgroundButtonSecondaryLink": "transparent",
                  "backgroundButtonSecondaryLinkActive": "#d6dee6",
                  "backgroundButtonSecondaryLinkHover": "#e5eaef",
                  "backgroundButtonSuccess": "#46B655",
                  "backgroundButtonSuccessActive": "#3fa34c",
                  "backgroundButtonSuccessHover": "#42ac50",
                  "backgroundButtonSuccessLink": "transparent",
                  "backgroundButtonSuccessLinkActive": "#c7e3c9",
                  "backgroundButtonSuccessLinkHover": "#d7ebd8",
                  "backgroundButtonWarning": "#f9971e",
                  "backgroundButtonWarningActive": "#e68206",
                  "backgroundButtonWarningHover": "#f48a06",
                  "backgroundButtonWarningLink": "transparent",
                  "backgroundButtonWarningLinkActive": "#f9e4a1",
                  "backgroundButtonWarningLinkHover": "#faeab7",
                  "backgroundCard": "#fff",
                  "backgroundCarrierLogo": "#fff",
                  "backgroundInput": "#fff",
                  "backgroundInputDisabled": "#e8edf1",
                  "backgroundModal": "#fff",
                  "borderColorButtonCriticalBordered": "#d21c1c",
                  "borderColorButtonCriticalBorderedActive": "#b21717",
                  "borderColorButtonCriticalBorderedHover": "#bd1919",
                  "borderColorButtonFacebookBordered": "#3b5998",
                  "borderColorButtonFacebookBorderedActive": "#354f88",
                  "borderColorButtonFacebookBorderedHover": "#385490",
                  "borderColorButtonGoogleBordered": "#46515e",
                  "borderColorButtonGoogleBorderedActive": "#38404b",
                  "borderColorButtonGoogleBorderedHover": "#3f4854",
                  "borderColorButtonInfoBordered": "#0176D2",
                  "borderColorButtonInfoBorderedActive": "#0064b2",
                  "borderColorButtonInfoBorderedHover": "#006abd",
                  "borderColorButtonPrimaryBordered": "#00a991",
                  "borderColorButtonPrimaryBorderedActive": "#008f7b",
                  "borderColorButtonPrimaryBorderedHover": "#009882",
                  "borderColorButtonSecondaryBordered": "#46515e",
                  "borderColorButtonSecondaryBorderedActive": "#38404b",
                  "borderColorButtonSecondaryBorderedHover": "#3f4854",
                  "borderColorButtonSuccessBordered": "#46B655",
                  "borderColorButtonSuccessBorderedActive": "#3fa34c",
                  "borderColorButtonSuccessBorderedHover": "#42ac50",
                  "borderColorButtonWarningBordered": "#f9971e",
                  "borderColorButtonWarningBorderedActive": "#e68206",
                  "borderColorButtonWarningBorderedHover": "#f48a06",
                  "borderColorCard": "#e8edf1",
                  "borderColorInput": "#bac7d5",
                  "borderColorInputActive": "#94a8be",
                  "borderColorInputError": "#d21c1c",
                  "borderColorInputErrorFocus": "#d21c1c",
                  "borderColorInputFocus": "#0176D2",
                  "borderColorInputHover": "#a6b6c8",
                  "borderColorModal": "#e8edf1",
                  "borderColorTableCell": "#bac7d5",
                  "borderRadiusCircle": "50%",
                  "borderRadiusLarge": "6px",
                  "borderRadiusNormal": "3px",
                  "borderRadiusSmall": "2px",
                  "borderStyleCard": "solid",
                  "borderStyleInput": "solid",
                  "borderWidthCard": "1px",
                  "borderWidthInput": "1px",
                  "boxShadowInputErrorFocus": "0px 0px 3px 1px rgba(210,28,28,0.3)",
                  "boxShadowInputFocus": "0px 0px 3px 1px rgba(1,118,210,0.3)",
                  "colorAlertIconCritical": "#d21c1c",
                  "colorAlertIconInfo": "#0176D2",
                  "colorAlertIconSuccess": "#46B655",
                  "colorAlertIconWarning": "#f9971e",
                  "colorHeading": "#171b1e",
                  "colorIconAttention": "#171b1e",
                  "colorIconCheckbox": "#00a991",
                  "colorIconCheckboxDisabled": "#bac7d5",
                  "colorIconInput": "#bac7d5",
                  "colorIconPrimary": "#46515e",
                  "colorIconRadioButton": "#00a991",
                  "colorIconRadioButtonDisabled": "#bac7d5",
                  "colorIconSecondary": "#7f91a8",
                  "colorIconTerciary": "#bac7d5",
                  "colorLabelForm": "#46515e",
                  "colorLabelFormFilled": "#7f91a8",
                  "colorLinkPrimary": "#00a991",
                  "colorLinkPrimaryHover": "#00a991",
                  "colorLinkSecondary": "#171b1e",
                  "colorPlaceholderInput": "#bac7d5",
                  "colorTextAlertCritical": "#650808",
                  "colorTextAlertInfo": "#07405c",
                  "colorTextAlertSuccess": "#065d12",
                  "colorTextAlertWarning": "#a93610",
                  "colorTextAttention": "#171b1e",
                  "colorTextButtonCritical": "#fff",
                  "colorTextButtonCriticalActive": "#fff",
                  "colorTextButtonCriticalBordered": "#d21c1c",
                  "colorTextButtonCriticalBorderedActive": "#b21717",
                  "colorTextButtonCriticalBorderedHover": "#bd1919",
                  "colorTextButtonCriticalHover": "#fff",
                  "colorTextButtonCriticalLink": "#d21c1c",
                  "colorTextButtonCriticalLinkActive": "#b21717",
                  "colorTextButtonCriticalLinkHover": "#bd1919",
                  "colorTextButtonFacebook": "#fff",
                  "colorTextButtonFacebookActive": "#fff",
                  "colorTextButtonFacebookBordered": "#3b5998",
                  "colorTextButtonFacebookBorderedActive": "#354f88",
                  "colorTextButtonFacebookBorderedHover": "#385490",
                  "colorTextButtonFacebookHover": "#fff",
                  "colorTextButtonFacebookLink": "#fff",
                  "colorTextButtonFacebookLinkActive": "#fff",
                  "colorTextButtonFacebookLinkHover": "#fff",
                  "colorTextButtonFilled": "#fff",
                  "colorTextButtonFilledActive": "#fff",
                  "colorTextButtonFilledHover": "#fff",
                  "colorTextButtonGoogle": "#46515e",
                  "colorTextButtonGoogleActive": "#38404b",
                  "colorTextButtonGoogleBordered": "#46515e",
                  "colorTextButtonGoogleBorderedActive": "#38404b",
                  "colorTextButtonGoogleBorderedHover": "#3f4854",
                  "colorTextButtonGoogleHover": "#3f4854",
                  "colorTextButtonGoogleLink": "#46515e",
                  "colorTextButtonGoogleLinkActive": "#38404b",
                  "colorTextButtonGoogleLinkHover": "#3f4854",
                  "colorTextButtonInfo": "#fff",
                  "colorTextButtonInfoActive": "#fff",
                  "colorTextButtonInfoBordered": "#0176D2",
                  "colorTextButtonInfoBorderedActive": "#0064b2",
                  "colorTextButtonInfoBorderedHover": "#006abd",
                  "colorTextButtonInfoHover": "#fff",
                  "colorTextButtonInfoLink": "#0176D2",
                  "colorTextButtonInfoLinkActive": "#0064b2",
                  "colorTextButtonInfoLinkHover": "#006abd",
                  "colorTextButtonPrimary": "#fff",
                  "colorTextButtonPrimaryActive": "#fff",
                  "colorTextButtonPrimaryBordered": "#00a991",
                  "colorTextButtonPrimaryBorderedActive": "#008f7b",
                  "colorTextButtonPrimaryBorderedHover": "#009882",
                  "colorTextButtonPrimaryHover": "#fff",
                  "colorTextButtonPrimaryLink": "#00a991",
                  "colorTextButtonPrimaryLinkActive": "#008f7b",
                  "colorTextButtonPrimaryLinkHover": "#009882",
                  "colorTextButtonSecondary": "#46515e",
                  "colorTextButtonSecondaryActive": "#38404b",
                  "colorTextButtonSecondaryBordered": "#46515e",
                  "colorTextButtonSecondaryBorderedActive": "#38404b",
                  "colorTextButtonSecondaryBorderedHover": "#3f4854",
                  "colorTextButtonSecondaryHover": "#3f4854",
                  "colorTextButtonSecondaryLink": "#46515e",
                  "colorTextButtonSecondaryLinkActive": "#38404b",
                  "colorTextButtonSecondaryLinkHover": "#3f4854",
                  "colorTextButtonSuccess": "#fff",
                  "colorTextButtonSuccessActive": "#fff",
                  "colorTextButtonSuccessBordered": "#46B655",
                  "colorTextButtonSuccessBorderedActive": "#3fa34c",
                  "colorTextButtonSuccessBorderedHover": "#42ac50",
                  "colorTextButtonSuccessHover": "#fff",
                  "colorTextButtonSuccessLink": "#46B655",
                  "colorTextButtonSuccessLinkActive": "#3fa34c",
                  "colorTextButtonSuccessLinkHover": "#42ac50",
                  "colorTextButtonWarning": "#fff",
                  "colorTextButtonWarningActive": "#fff",
                  "colorTextButtonWarningBordered": "#f9971e",
                  "colorTextButtonWarningBorderedActive": "#e68206",
                  "colorTextButtonWarningBorderedHover": "#f48a06",
                  "colorTextButtonWarningHover": "#fff",
                  "colorTextButtonWarningLink": "#f9971e",
                  "colorTextButtonWarningLinkActive": "#e68206",
                  "colorTextButtonWarningLinkHover": "#f48a06",
                  "colorTextError": "#d21c1c",
                  "colorTextInfo": "#0176D2",
                  "colorTextInput": "#46515e",
                  "colorTextInputDisabled": "#bac7d5",
                  "colorTextPrimary": "#46515e",
                  "colorTextSecondary": "#7f91a8",
                  "durationFast": "0.2s",
                  "durationNormal": "0.3s",
                  "durationSlow": "0.4s",
                  "fontFamily": "\\"Roboto\\", -apple-system, \\".SFNSText-Regular\\", \\"San Francisco\\", \\"Segoe UI\\", \\"Helvetica Neue\\", \\"Lucida Grande\\", sans-serif",
                  "fontSizeButtonLarge": "16px",
                  "fontSizeButtonNormal": "14px",
                  "fontSizeButtonSmall": "12px",
                  "fontSizeHeadingDisplay": "40px",
                  "fontSizeHeadingLarge": "28px",
                  "fontSizeHeadingMedium": "22px",
                  "fontSizeHeadingSmall": "16px",
                  "fontSizeHeadingTitle1": "28px",
                  "fontSizeHeadingTitle2": "22px",
                  "fontSizeHeadingTitle3": "16px",
                  "fontSizeInputNormal": "16px",
                  "fontSizeInputSmall": "14px",
                  "fontSizeLabelForm": "14px",
                  "fontSizeMessage": "14px",
                  "fontSizeMessageForm": "12px",
                  "fontSizeTextLarge": "16px",
                  "fontSizeTextNormal": "14px",
                  "fontSizeTextSmall": "12px",
                  "fontWeightBold": "700",
                  "fontWeightHeadingDisplay": "700",
                  "fontWeightHeadingLevel1": "700",
                  "fontWeightHeadingLevel2": "500",
                  "fontWeightHeadingLevel3": "500",
                  "fontWeightLinks": "500",
                  "fontWeightMedium": "500",
                  "fontWeightNormal": "400",
                  "heightButtonLarge": "52px",
                  "heightButtonNormal": "44px",
                  "heightButtonSmall": "32px",
                  "heightCheckbox": "20px",
                  "heightIconLarge": "32px",
                  "heightIconMedium": "24px",
                  "heightIconSmall": "16px",
                  "heightInputLarge": "52px",
                  "heightInputNormal": "44px",
                  "heightInputSmall": "32px",
                  "heightRadioButton": "20px",
                  "lineHeightHeading": "1.2",
                  "lineHeightText": "1.4",
                  "marginButtonIconLarge": "16px",
                  "marginButtonIconNormal": "12px",
                  "marginButtonIconSmall": "8px",
                  "modifierDarkenActive": 0.1,
                  "modifierDarkenButtonLink": 0.05,
                  "modifierDarkenHover": 0.05,
                  "modifierScaleButtonActive": 0.9,
                  "opacityButtonDisabled": "0.3",
                  "opacityCheckboxDisabled": "0.5",
                  "opacityOverlay": "0.8",
                  "opacityRadioButtonDisabled": "0.5",
                  "paddingAlert": "16px",
                  "paddingAlertWithIcon": "12px",
                  "paddingButtonLarge": "28px",
                  "paddingButtonLargeWithIcon": "12px",
                  "paddingButtonNormal": "16px",
                  "paddingButtonNormalWithIcon": "8px",
                  "paddingButtonSmall": "12px",
                  "paddingButtonSmallWithIcon": "8px",
                  "paddingInputNormal": "16px",
                  "paddingInputSmall": "12px",
                  "paletteBlueDark": "#07405c",
                  "paletteBlueLight": "#e0f6ff",
                  "paletteBlueLightActive": "#b0e8fe",
                  "paletteBlueLightHover": "#c8effe",
                  "paletteBlueNormal": "#0176D2",
                  "paletteBlueNormalActive": "#0064b2",
                  "paletteBlueNormalHover": "#006abd",
                  "paletteBrandDark": "#00826f",
                  "paletteBrandLight": "#9cdad3",
                  "paletteBrandLightActive": "#73cac0",
                  "paletteBrandLightHover": "#80cfc6",
                  "paletteBrandNormal": "#00a991",
                  "paletteBrandNormalActive": "#008f7b",
                  "paletteBrandNormalHover": "#009882",
                  "paletteCloudLight": "#f5f7f9",
                  "paletteCloudLightActive": "#d6dee6",
                  "paletteCloudLightHover": "#e5eaef",
                  "paletteCloudNormal": "#e8edf1",
                  "paletteCloudNormalActive": "#cad5df",
                  "paletteCloudNormalHover": "#d9e1e8",
                  "paletteGreenDark": "#065d12",
                  "paletteGreenLight": "#e7f3e8",
                  "paletteGreenLightActive": "#c7e3c9",
                  "paletteGreenLightHover": "#d7ebd8",
                  "paletteGreenNormal": "#46B655",
                  "paletteGreenNormalActive": "#3fa34c",
                  "paletteGreenNormalHover": "#42ac50",
                  "paletteInkDark": "#171b1e",
                  "paletteInkLight": "#7f91a8",
                  "paletteInkLightActive": "#5f738c",
                  "paletteInkLightHover": "#6d819c",
                  "paletteInkLighter": "#bac7d5",
                  "paletteInkLighterActive": "#94a8be",
                  "paletteInkLighterHover": "#a6b6c8",
                  "paletteInkNormal": "#46515e",
                  "paletteInkNormalActive": "#38404b",
                  "paletteInkNormalHover": "#3f4854",
                  "paletteOrangeDark": "#a93610",
                  "paletteOrangeLight": "#fcf1cd",
                  "paletteOrangeLightActive": "#f9e4a1",
                  "paletteOrangeLightHover": "#faeab7",
                  "paletteOrangeNormal": "#f9971e",
                  "paletteOrangeNormalActive": "#e68206",
                  "paletteOrangeNormalHover": "#f48a06",
                  "paletteRedDark": "#650808",
                  "paletteRedLight": "#fae8e8",
                  "paletteRedLightActive": "#f1c0c0",
                  "paletteRedLightHover": "#f5d4d4",
                  "paletteRedNormal": "#d21c1c",
                  "paletteRedNormalActive": "#b21717",
                  "paletteRedNormalHover": "#bd1919",
                  "paletteSocialFacebook": "#3b5998",
                  "paletteSocialFacebookActive": "#354f88",
                  "paletteSocialFacebookHover": "#385490",
                  "paletteWhite": "#fff",
                  "paletteWhiteActive": "#e5eaef",
                  "paletteWhiteHover": "#f5f7f9",
                  "spaceLarge": "24px",
                  "spaceMedium": "16px",
                  "spaceSmall": "12px",
                  "spaceXLarge": "32px",
                  "spaceXSmall": "8px",
                  "spaceXXLarge": "40px",
                  "spaceXXSmall": "4px",
                  "spaceXXXLarge": "52px",
                  "textDecorationLinkPrimary": "none",
                  "textDecorationLinkPrimaryHover": "underline",
                  "textDecorationLinkSecondary": "underline",
                  "textDecorationLinkSecondaryHover": "underline",
                  "widthCheckbox": "20px",
                  "widthIconLarge": "32px",
                  "widthIconMedium": "24px",
                  "widthIconSmall": "16px",
                  "widthRadioButton": "20px",
                  "zIndexDefault": "1",
                  "zIndexModal": "825",
                  "zIndexModalOverlay": "800",
                  "zIndexOnTheTop": "900",
                  "zIndexSticky": "100",
                }
              }
            >
              <div
                className="Alert__Content-icgAru gFLPsb"
              >
                Alert message
              </div>
            </StyledDiv>
          </Alert__Content>
        </div>
      </div>
    </StyledDiv>
  </Alert__StyledAlert>
</Alert>
`;
